Archive member included to satisfy reference by file (symbol)

C:/ST/STM32CubeIDE_2.1.1/STM32CubeIDE/plugins/com.st.stm32cube.ide.mcu.externaltools.gnu-tools-for-stm32.14.3.rel1.win32_1.0.100.202602081740/tools/bin/../lib/gcc/arm-none-eabi/14.3.1/../../../../arm-none-eabi/lib/thumb/v7e-m+fp/hard\libc_nano.a(libc_a-exit.o)
                              C:/ST/STM32CubeIDE_2.1.1/STM32CubeIDE/plugins/com.st.stm32cube.ide.mcu.externaltools.gnu-tools-for-stm32.14.3.rel1.win32_1.0.100.202602081740/tools/bin/../lib/gcc/arm-none-eabi/14.3.1/../../../../arm-none-eabi/lib/thumb/v7e-m+fp/hard/crt0.o (exit)
C:/ST/STM32CubeIDE_2.1.1/STM32CubeIDE/plugins/com.st.stm32cube.ide.mcu.externaltools.gnu-tools-for-stm32.14.3.rel1.win32_1.0.100.202602081740/tools/bin/../lib/gcc/arm-none-eabi/14.3.1/../../../../arm-none-eabi/lib/thumb/v7e-m+fp/hard\libc_nano.a(libc_a-strtol.o)
                              ./Core/Src/main.o (strtol)
C:/ST/STM32CubeIDE_2.1.1/STM32CubeIDE/plugins/com.st.stm32cube.ide.mcu.externaltools.gnu-tools-for-stm32.14.3.rel1.win32_1.0.100.202602081740/tools/bin/../lib/gcc/arm-none-eabi/14.3.1/../../../../arm-none-eabi/lib/thumb/v7e-m+fp/hard\libc_nano.a(libc_a-ctype_.o)
                              ./Core/Src/main.o (_ctype_)
C:/ST/STM32CubeIDE_2.1.1/STM32CubeIDE/plugins/com.st.stm32cube.ide.mcu.externaltools.gnu-tools-for-stm32.14.3.rel1.win32_1.0.100.202602081740/tools/bin/../lib/gcc/arm-none-eabi/14.3.1/../../../../arm-none-eabi/lib/thumb/v7e-m+fp/hard\libc_nano.a(libc_a-nano-vfprintf_float.o)
                              (_printf_float)
C:/ST/STM32CubeIDE_2.1.1/STM32CubeIDE/plugins/com.st.stm32cube.ide.mcu.externaltools.gnu-tools-for-stm32.14.3.rel1.win32_1.0.100.202602081740/tools/bin/../lib/gcc/arm-none-eabi/14.3.1/../../../../arm-none-eabi/lib/thumb/v7e-m+fp/hard\libc_nano.a(libc_a-nano-vfprintf_i.o)
                              C:/ST/STM32CubeIDE_2.1.1/STM32CubeIDE/plugins/com.st.stm32cube.ide.mcu.externaltools.gnu-tools-for-stm32.14.3.rel1.win32_1.0.100.202602081740/tools/bin/../lib/gcc/arm-none-eabi/14.3.1/../../../../arm-none-eabi/lib/thumb/v7e-m+fp/hard\libc_nano.a(libc_a-nano-vfprintf_float.o) (_printf_common)
C:/ST/STM32CubeIDE_2.1.1/STM32CubeIDE/plugins/com.st.stm32cube.ide.mcu.externaltools.gnu-tools-for-stm32.14.3.rel1.win32_1.0.100.202602081740/tools/bin/../lib/gcc/arm-none-eabi/14.3.1/../../../../arm-none-eabi/lib/thumb/v7e-m+fp/hard\libc_nano.a(libc_a-findfp.o)
                              C:/ST/STM32CubeIDE_2.1.1/STM32CubeIDE/plugins/com.st.stm32cube.ide.mcu.externaltools.gnu-tools-for-stm32.14.3.rel1.win32_1.0.100.202602081740/tools/bin/../lib/gcc/arm-none-eabi/14.3.1/../../../../arm-none-eabi/lib/thumb/v7e-m+fp/hard\libc_nano.a(libc_a-exit.o) (__stdio_exit_handler)
C:/ST/STM32CubeIDE_2.1.1/STM32CubeIDE/plugins/com.st.stm32cube.ide.mcu.externaltools.gnu-tools-for-stm32.14.3.rel1.win32_1.0.100.202602081740/tools/bin/../lib/gcc/arm-none-eabi/14.3.1/../../../../arm-none-eabi/lib/thumb/v7e-m+fp/hard\libc_nano.a(libc_a-fwalk.o)
                              C:/ST/STM32CubeIDE_2.1.1/STM32CubeIDE/plugins/com.st.stm32cube.ide.mcu.externaltools.gnu-tools-for-stm32.14.3.rel1.win32_1.0.100.202602081740/tools/bin/../lib/gcc/arm-none-eabi/14.3.1/../../../../arm-none-eabi/lib/thumb/v7e-m+fp/hard\libc_nano.a(libc_a-findfp.o) (_fwalk_sglue)
C:/ST/STM32CubeIDE_2.1.1/STM32CubeIDE/plugins/com.st.stm32cube.ide.mcu.externaltools.gnu-tools-for-stm32.14.3.rel1.win32_1.0.100.202602081740/tools/bin/../lib/gcc/arm-none-eabi/14.3.1/../../../../arm-none-eabi/lib/thumb/v7e-m+fp/hard\libc_nano.a(libc_a-printf.o)
                              ./Core/Src/main.o (printf)
C:/ST/STM32CubeIDE_2.1.1/STM32CubeIDE/plugins/com.st.stm32cube.ide.mcu.externaltools.gnu-tools-for-stm32.14.3.rel1.win32_1.0.100.202602081740/tools/bin/../lib/gcc/arm-none-eabi/14.3.1/../../../../arm-none-eabi/lib/thumb/v7e-m+fp/hard\libc_nano.a(libc_a-puts.o)
                              ./Core/Src/main.o (puts)
C:/ST/STM32CubeIDE_2.1.1/STM32CubeIDE/plugins/com.st.stm32cube.ide.mcu.externaltools.gnu-tools-for-stm32.14.3.rel1.win32_1.0.100.202602081740/tools/bin/../lib/gcc/arm-none-eabi/14.3.1/../../../../arm-none-eabi/lib/thumb/v7e-m+fp/hard\libc_nano.a(libc_a-snprintf.o)
                              ./Core/Src/MRF24J40.o (snprintf)
C:/ST/STM32CubeIDE_2.1.1/STM32CubeIDE/plugins/com.st.stm32cube.ide.mcu.externaltools.gnu-tools-for-stm32.14.3.rel1.win32_1.0.100.202602081740/tools/bin/../lib/gcc/arm-none-eabi/14.3.1/../../../../arm-none-eabi/lib/thumb/v7e-m+fp/hard\libc_nano.a(libc_a-stdio.o)
                              C:/ST/STM32CubeIDE_2.1.1/STM32CubeIDE/plugins/com.st.stm32cube.ide.mcu.externaltools.gnu-tools-for-stm32.14.3.rel1.win32_1.0.100.202602081740/tools/bin/../lib/gcc/arm-none-eabi/14.3.1/../../../../arm-none-eabi/lib/thumb/v7e-m+fp/hard\libc_nano.a(libc_a-findfp.o) (__sread)
[...]
Memory Configuration

Name             Origin             Length             Attributes
RAM              0x20000000         0x00020000         xrw
FLASH            0x08000000         0x00080000         xr
*default*        0x00000000         0xffffffff

Linker script and memory map

LOAD C:/ST/STM32CubeIDE_2.1.1/STM32CubeIDE/plugins/com.st.stm32cube.ide.mcu.externaltools.gnu-tools-for-stm32.14.3.rel1.win32_1.0.100.202602081740/tools/bin/../lib/gcc/arm-none-eabi/14.3.1/thumb/v7e-m+fp/hard/crti.o
LOAD C:/ST/STM32CubeIDE_2.1.1/STM32CubeIDE/plugins/com.st.stm32cube.ide.mcu.externaltools.gnu-tools-for-stm32.14.3.rel1.win32_1.0.100.202602081740/tools/bin/../lib/gcc/arm-none-eabi/14.3.1/thumb/v7e-m+fp/hard/crtbegin.o
LOAD C:/ST/STM32CubeIDE_2.1.1/STM32CubeIDE/plugins/com.st.stm32cube.ide.mcu.externaltools.gnu-tools-for-stm32.14.3.rel1.win32_1.0.100.202602081740/tools/bin/../lib/gcc/arm-none-eabi/14.3.1/../../../../arm-none-eabi/lib/thumb/v7e-m+fp/hard/crt0.o
LOAD ./Core/Src/Controllers.o
LOAD ./Core/Src/CyberGear.o
LOAD ./Core/Src/CyberMove.o
LOAD ./Core/Src/DDSM115.o
LOAD ./Core/Src/DDSMove.o
LOAD ./Core/Src/MRF24J40.o
LOAD ./Core/Src/Trash.o
LOAD ./Core/Src/kalman.o
LOAD ./Core/Src/main.o
LOAD ./Core/Src/mpu6050.o
LOAD ./Core/Src/stm32f4xx_hal_msp.o
LOAD ./Core/Src/stm32f4xx_it.o
LOAD ./Core/Src/syscalls.o
LOAD ./Core/Src/sysmem.o
LOAD ./Core/Src/system_stm32f4xx.o
LOAD ./Core/Startup/startup_stm32f446retx.o
LOAD ./Drivers/STM32F4xx_HAL_Driver/Src/stm32f4xx_hal.o
LOAD ./Drivers/STM32F4xx_HAL_Driver/Src/stm32f4xx_hal_can.o
LOAD ./Drivers/STM32F4xx_HAL_Driver/Src/stm32f4xx_hal_cortex.o
LOAD ./Drivers/STM32F4xx_HAL_Driver/Src/stm32f4xx_hal_dma.o
LOAD ./Drivers/STM32F4xx_HAL_Driver/Src/stm32f4xx_hal_dma_ex.o
LOAD ./Drivers/STM32F4xx_HAL_Driver/Src/stm32f4xx_hal_exti.o
LOAD ./Drivers/STM32F4xx_HAL_Driver/Src/stm32f4xx_hal_flash.o
LOAD ./Drivers/STM32F4xx_HAL_Driver/Src/stm32f4xx_hal_flash_ex.o
LOAD ./Drivers/STM32F4xx_HAL_Driver/Src/stm32f4xx_hal_flash_ramfunc.o
LOAD ./Drivers/STM32F4xx_HAL_Driver/Src/stm32f4xx_hal_gpio.o
LOAD ./Drivers/STM32F4xx_HAL_Driver/Src/stm32f4xx_hal_i2c.o
LOAD ./Drivers/STM32F4xx_HAL_Driver/Src/stm32f4xx_hal_i2c_ex.o
LOAD ./Drivers/STM32F4xx_HAL_Driver/Src/stm32f4xx_hal_pwr.o
LOAD ./Drivers/STM32F4xx_HAL_Driver/Src/stm32f4xx_hal_pwr_ex.o
LOAD ./Drivers/STM32F4xx_HAL_Driver/Src/stm32f4xx_hal_rcc.o
LOAD ./Drivers/STM32F4xx_HAL_Driver/Src/stm32f4xx_hal_rcc_ex.o
LOAD ./Drivers/STM32F4xx_HAL_Driver/Src/stm32f4xx_hal_spi.o
LOAD ./Drivers/STM32F4xx_HAL_Driver/Src/stm32f4xx_hal_tim.o
LOAD ./Drivers/STM32F4xx_HAL_Driver/Src/stm32f4xx_hal_tim_ex.o
LOAD ./Drivers/STM32F4xx_HAL_Driver/Src/stm32f4xx_hal_uart.o
LOAD ./SH2 Sensorhub/Src/demo_app.o
LOAD ./SH2 Sensorhub/Src/euler.o
LOAD ./SH2 Sensorhub/Src/sh2.o
LOAD ./SH2 Sensorhub/Src/sh2_SensorValue.o
LOAD ./SH2 Sensorhub/Src/sh2_util.o
LOAD ./SH2 Sensorhub/Src/shtp.o
START GROUP
LOAD C:/ST/STM32CubeIDE_2.1.1/STM32CubeIDE/plugins/com.st.stm32cube.ide.mcu.externaltools.gnu-tools-for-stm32.14.3.rel1.win32_1.0.100.202602081740/tools/bin/../lib/gcc/arm-none-eabi/14.3.1/../../../../arm-none-eabi/lib/thumb/v7e-m+fp/hard\libc_nano.a
LOAD C:/ST/STM32CubeIDE_2.1.1/STM32CubeIDE/plugins/com.st.stm32cube.ide.mcu.externaltools.gnu-tools-for-stm32.14.3.rel1.win32_1.0.100.202602081740/tools/bin/../lib/gcc/arm-none-eabi/14.3.1/../../../../arm-none-eabi/lib/thumb/v7e-m+fp/hard\libm.a
END GROUP
START GROUP
LOAD C:/ST/STM32CubeIDE_2.1.1/STM32CubeIDE/plugins/com.st.stm32cube.ide.mcu.externaltools.gnu-tools-for-stm32.14.3.rel1.win32_1.0.100.202602081740/tools/bin/../lib/gcc/arm-none-eabi/14.3.1/thumb/v7e-m+fp/hard\libgcc.a
LOAD C:/ST/STM32CubeIDE_2.1.1/STM32CubeIDE/plugins/com.st.stm32cube.ide.mcu.externaltools.gnu-tools-for-stm32.14.3.rel1.win32_1.0.100.202602081740/tools/bin/../lib/gcc/arm-none-eabi/14.3.1/../../../../arm-none-eabi/lib/thumb/v7e-m+fp/hard\libg_nano.a
LOAD C:/ST/STM32CubeIDE_2.1.1/STM32CubeIDE/plugins/com.st.stm32cube.ide.mcu.externaltools.gnu-tools-for-stm32.14.3.rel1.win32_1.0.100.202602081740/tools/bin/../lib/gcc/arm-none-eabi/14.3.1/../../../../arm-none-eabi/lib/thumb/v7e-m+fp/hard\libc_nano.a
END GROUP
START GROUP
LOAD C:/ST/STM32CubeIDE_2.1.1/STM32CubeIDE/plugins/com.st.stm32cube.ide.mcu.externaltools.gnu-tools-for-stm32.14.3.rel1.win32_1.0.100.202602081740/tools/bin/../lib/gcc/arm-none-eabi/14.3.1/thumb/v7e-m+fp/hard\libgcc.a
LOAD C:/ST/STM32CubeIDE_2.1.1/STM32CubeIDE/plugins/com.st.stm32cube.ide.mcu.externaltools.gnu-tools-for-stm32.14.3.rel1.win32_1.0.100.202602081740/tools/bin/../lib/gcc/arm-none-eabi/14.3.1/../../../../arm-none-eabi/lib/thumb/v7e-m+fp/hard\libc_nano.a
LOAD C:/ST/STM32CubeIDE_2.1.1/STM32CubeIDE/plugins/com.st.stm32cube.ide.mcu.externaltools.gnu-tools-for-stm32.14.3.rel1.win32_1.0.100.202602081740/tools/bin/../lib/gcc/arm-none-eabi/14.3.1/../../../../arm-none-eabi/lib/thumb/v7e-m+fp/hard\libnosys.a
END GROUP
START GROUP
LOAD C:/ST/STM32CubeIDE_2.1.1/STM32CubeIDE/plugins/com.st.stm32cube.ide.mcu.externaltools.gnu-tools-for-stm32.14.3.rel1.win32_1.0.100.202602081740/tools/bin/../lib/gcc/arm-none-eabi/14.3.1/thumb/v7e-m+fp/hard\libgcc.a
LOAD C:/ST/STM32CubeIDE_2.1.1/STM32CubeIDE/plugins/com.st.stm32cube.ide.mcu.externaltools.gnu-tools-for-stm32.14.3.rel1.win32_1.0.100.202602081740/tools/bin/../lib/gcc/arm-none-eabi/14.3.1/../../../../arm-none-eabi/lib/thumb/v7e-m+fp/hard\libc_nano.a
LOAD C:/ST/STM32CubeIDE_2.1.1/STM32CubeIDE/plugins/com.st.stm32cube.ide.mcu.externaltools.gnu-tools-for-stm32.14.3.rel1.win32_1.0.100.202602081740/tools/bin/../lib/gcc/arm-none-eabi/14.3.1/../../../../arm-none-eabi/lib/thumb/v7e-m+fp/hard\libnosys.a
END GROUP
LOAD C:/ST/STM32CubeIDE_2.1.1/STM32CubeIDE/plugins/com.st.stm32cube.ide.mcu.externaltools.gnu-tools-for-stm32.14.3.rel1.win32_1.0.100.202602081740/tools/bin/../lib/gcc/arm-none-eabi/14.3.1/thumb/v7e-m+fp/hard/crtend.o
LOAD C:/ST/STM32CubeIDE_2.1.1/STM32CubeIDE/plugins/com.st.stm32cube.ide.mcu.externaltools.gnu-tools-for-stm32.14.3.rel1.win32_1.0.100.202602081740/tools/bin/../lib/gcc/arm-none-eabi/14.3.1/thumb/v7e-m+fp/hard/crtn.o
                0x20020000                        _estack = (ORIGIN (RAM) + LENGTH (RAM))
                0x00002000                        _Min_Heap_Size = 0x2000
                0x00004000                        _Min_Stack_Size = 0x4000

.isr_vector     0x08000000      0x1c4
                0x08000000                        . = ALIGN (0x4)
 *(.isr_vector)
 .isr_vector    0x08000000      0x1c4 ./Core/Startup/startup_stm32f446retx.o
                0x08000000                g_pfnVectors
                0x080001c4                        . = ALIGN (0x4)

.text           0x080001d0    0x107a0
                0x080001d0                        . = ALIGN (0x4)
 *(.text)
 .text          0x080001d0       0x40 C:/ST/STM32CubeIDE_2.1.1/STM32CubeIDE/plugins/com.st.stm32cube.ide.mcu.externaltools.gnu-tools-for-stm32.14.3.rel1.win32_1.0.100.202602081740/tools/bin/../lib/gcc/arm-none-eabi/14.3.1/thumb/v7e-m+fp/hard/crtbegin.o
 .text          0x08000210       0xa0 C:/ST/STM32CubeIDE_2.1.1/STM32CubeIDE/plugins/com.st.stm32cube.ide.mcu.externaltools.gnu-tools-for-stm32.14.3.rel1.win32_1.0.100.202602081740/tools/bin/../lib/gcc/arm-none-eabi/14.3.1/../../../../arm-none-eabi/lib/thumb/v7e-m+fp/hard\libc_nano.a(libc_a-memchr.o)
                0x08000210                memchr
 .text          0x080002b0       0x10 C:/ST/STM32CubeIDE_2.1.1/STM32CubeIDE/plugins/com.st.stm32cube.ide.mcu.externaltools.gnu-tools-for-stm32.14.3.rel1.win32_1.0.100.202602081740/tools/bin/../lib/gcc/arm-none-eabi/14.3.1/../../../../arm-none-eabi/lib/thumb/v7e-m+fp/hard\libc_nano.a(libc_a-strlen.o)
                0x080002b0                strlen
 .text          0x080002c0      0x378 C:/ST/STM32CubeIDE_2.1.1/STM32CubeIDE/plugins/com.st.stm32cube.ide.mcu.externaltools.gnu-tools-for-stm32.14.3.rel1.win32_1.0.100.202602081740/tools/bin/../lib/gcc/arm-none-eabi/14.3.1/thumb/v7e-m+fp/hard\libgcc.a(_arm_addsubdf3.o)
                0x080002c0                __aeabi_drsub
                0x080002c8                __aeabi_dsub
                0x080002c8                __subdf3
                0x080002cc                __aeabi_dadd
                0x080002cc                __adddf3
                0x08000544                __floatunsidf
                0x08000544                __aeabi_ui2d
                0x08000564                __floatsidf
                0x08000564                __aeabi_i2d
                0x08000588                __aeabi_f2d
                0x08000588                __extendsfdf2
                0x080005cc                __floatundidf
                0x080005cc                __aeabi_ul2d
                0x080005dc                __floatdidf
                0x080005dc                __aeabi_l2d
 .text          0x08000638      0x424 C:/ST/STM32CubeIDE_2.1.1/STM32CubeIDE/plugins/com.st.stm32cube.ide.mcu.externaltools.gnu-tools-for-stm32.14.3.rel1.win32_1.0.100.202602081740/tools/bin/../lib/gcc/arm-none-eabi/14.3.1/thumb/v7e-m+fp/hard\libgcc.a(_arm_muldivdf3.o)
                0x08000638                __aeabi_dmul
                0x08000638                __muldf3
                0x0800088c                __divdf3
                0x0800088c                __aeabi_ddiv
 .text          0x08000a5c      0x110 C:/ST/STM32CubeIDE_2.1.1/STM32CubeIDE/plugins/com.st.stm32cube.ide.mcu.externaltools.gnu-tools-for-stm32.14.3.rel1.win32_1.0.100.202602081740/tools/bin/../lib/gcc/arm-none-eabi/14.3.1/thumb/v7e-m+fp/hard\libgcc.a(_arm_cmpdf2.o)
                0x08000a5c                __gtdf2
                0x08000a5c                __gedf2
                0x08000a64                __ltdf2
                0x08000a64                __ledf2
                0x08000a6c                __nedf2
                0x08000a6c                __eqdf2
                0x08000a6c                __cmpdf2
                0x08000ae8                __aeabi_cdrcmple
                0x08000af8                __aeabi_cdcmpeq
                0x08000af8                __aeabi_cdcmple
                0x08000b08                __aeabi_dcmpeq
                0x08000b1c                __aeabi_dcmplt
                0x08000b30                __aeabi_dcmple
                0x08000b44                __aeabi_dcmpge
                0x08000b58                __aeabi_dcmpgt
 .text          0x08000b6c       0x2c C:/ST/STM32CubeIDE_2.1.1/STM32CubeIDE/plugins/com.st.stm32cube.ide.mcu.externaltools.gnu-tools-for-stm32.14.3.rel1.win32_1.0.100.202602081740/tools/bin/../lib/gcc/arm-none-eabi/14.3.1/thumb/v7e-m+fp/hard\libgcc.a(_arm_unorddf2.o)
                0x08000b6c                __unorddf2
                0x08000b6c                __aeabi_dcmpun
 .text          0x08000b98       0x50 C:/ST/STM32CubeIDE_2.1.1/STM32CubeIDE/plugins/com.st.stm32cube.ide.mcu.externaltools.gnu-tools-for-stm32.14.3.rel1.win32_1.0.100.202602081740/tools/bin/../lib/gcc/arm-none-eabi/14.3.1/thumb/v7e-m+fp/hard\libgcc.a(_arm_fixdfsi.o)
                0x08000b98                __aeabi_d2iz
                0x08000b98                __fixdfsi
 .text          0x08000be8       0xa0 C:/ST/STM32CubeIDE_2.1.1/STM32CubeIDE/plugins/com.st.stm32cube.ide.mcu.externaltools.gnu-tools-for-stm32.14.3.rel1.win32_1.0.100.202602081740/tools/bin/../lib/gcc/arm-none-eabi/14.3.1/thumb/v7e-m+fp/hard\libgcc.a(_arm_truncdfsf2.o)
                0x08000be8                __truncdfsf2
                0x08000be8                __aeabi_d2f
 .text          0x08000c88       0x30 C:/ST/STM32CubeIDE_2.1.1/STM32CubeIDE/plugins/com.st.stm32cube.ide.mcu.externaltools.gnu-tools-for-stm32.14.3.rel1.win32_1.0.100.202602081740/tools/bin/../lib/gcc/arm-none-eabi/14.3.1/thumb/v7e-m+fp/hard\libgcc.a(_aeabi_uldivmod.o)
                0x08000c88                __aeabi_uldivmod
 .text          0x08000cb8      0x2f8 C:/ST/STM32CubeIDE_2.1.1/STM32CubeIDE/plugins/com.st.stm32cube.ide.mcu.externaltools.gnu-tools-for-stm32.14.3.rel1.win32_1.0.100.202602081740/tools/bin/../lib/gcc/arm-none-eabi/14.3.1/thumb/v7e-m+fp/hard\libgcc.a(_udivmoddi4.o)
                0x08000cb8                __udivmoddi4
 .text          0x08000fb0        0x4 C:/ST/STM32CubeIDE_2.1.1/STM32CubeIDE/plugins/com.st.stm32cube.ide.mcu.externaltools.gnu-tools-for-stm32.14.3.rel1.win32_1.0.100.202602081740/tools/bin/../lib/gcc/arm-none-eabi/14.3.1/thumb/v7e-m+fp/hard\libgcc.a(_dvmd_tls.o)
                0x08000fb0                __aeabi_idiv0
                0x08000fb0                __aeabi_ldiv0
 *(.text*)
 .text.clearMotorFault
                0x08000fb4       0x60 ./Core/Src/CyberGear.o
                0x08000fb4                clearMotorFault
 .text.writeParameter
                0x08001014       0x7c ./Core/Src/CyberGear.o
                0x08001014                writeParameter
 .text.MotorControlMode
                0x08001090       0x28 ./Core/Src/CyberGear.o
                0x08001090                MotorControlMode
 .text.PositionSpeedLimit
                0x080010b8       0x2a ./Core/Src/CyberGear.o
                0x080010b8                PositionSpeedLimit
 *fill*         0x080010e2        0x2 
 .text.motorEnable
                0x080010e4       0x5c ./Core/Src/CyberGear.o
                0x080010e4                motorEnable
 .text.setMechanicalZero
                0x08001140       0x60 ./Core/Src/CyberGear.o
                0x08001140                setMechanicalZero
 .text.Motor_MITrun
                0x080011a0      0x148 ./Core/Src/CyberGear.o
                0x080011a0                Motor_MITrun
 .text.HAL_CAN_RxFifo0MsgPendingCallback
                0x080012e8      0x3c4 ./Core/Src/CyberGear.o
                0x080012e8                HAL_CAN_RxFifo0MsgPendingCallback
 .text.uint_to_float
                0x080016ac       0x5c ./Core/Src/CyberGear.o
                0x080016ac                uint_to_float
 .text.float_to_uint
                0x08001708       0x94 ./Core/Src/CyberGear.o
 .text.CurrentMode
                0x0800179c       0x4c ./Core/Src/DDSM115.o
                0x0800179c                CurrentMode
 .text.CurrentToValue
                0x080017e8       0x68 ./Core/Src/DDSM115.o
 .text.sendCurrentCommand
                0x08001850       0x94 ./Core/Src/DDSM115.o
                0x08001850                sendCurrentCommand
 .text.compute_crc8
                0x080018e4       0x72 ./Core/Src/DDSM115.o
                0x080018e4                compute_crc8
 *fill*         0x08001956        0x2 
 .text.Distnacex01
                0x08001958      0x234 ./Core/Src/DDSMove.o
                0x08001958                Distnacex01
 *fill*         0x08001b8c        0x4 
 .text.Distnacex30
                0x08001b90      0x254 ./Core/Src/DDSMove.o
                0x08001b90                Distnacex30
 .text.MRF_InitSPI
                0x08001de4       0x38 ./Core/Src/MRF24J40.o
                0x08001de4                MRF_InitSPI
 .text.MRF_InitGPIO
                0x08001e1c       0x68 ./Core/Src/MRF24J40.o
                0x08001e1c                MRF_InitGPIO
 .text.Mrf24j_spi_flush
                0x08001e84       0x38 ./Core/Src/MRF24J40.o
 .text.Mrf24j_debug_regs
                0x08001ebc       0xb8 ./Core/Src/MRF24J40.o
 .text.Mrf24j_debug_write_long
                0x08001f74       0x8c ./Core/Src/MRF24J40.o
 .text.Mrf24j_init_common
                0x08002000      0x33c ./Core/Src/MRF24J40.o
 .text.Mrf24j_init_no_reset
                0x0800233c       0x1c ./Core/Src/MRF24J40.o
                0x0800233c                Mrf24j_init_no_reset
 .text.Mrf24j_write_short
                0x08002358      0x12c ./Core/Src/MRF24J40.o
                0x08002358                Mrf24j_write_short
 .text.Mrf24j_write_long
                0x08002484       0x98 ./Core/Src/MRF24J40.o
                0x08002484                Mrf24j_write_long
 .text.Mrf24j_read_short
                0x0800251c       0x80 ./Core/Src/MRF24J40.o
                0x0800251c                Mrf24j_read_short
 .text.Mrf24j_read_long
                0x0800259c       0xa0 ./Core/Src/MRF24J40.o
                0x0800259c                Mrf24j_read_long
 .text.Mrf24j_set_interrupts
                0x0800263c       0x3a ./Core/Src/MRF24J40.o
                0x0800263c                Mrf24j_set_interrupts
 .text.Mrf24j_set_channel
                0x08002676       0x2e ./Core/Src/MRF24J40.o
                0x08002676                Mrf24j_set_channel
 .text.Mrf24j_reset
                0x080026a4       0x3c ./Core/Src/MRF24J40.o
                0x080026a4                Mrf24j_reset
 .text.Mrf24j_get_pan
                0x080026e0       0x30 ./Core/Src/MRF24J40.o
                0x080026e0                Mrf24j_get_pan
 .text.Mrf24j_set_pan
                0x08002710       0x2e ./Core/Src/MRF24J40.o
                0x08002710                Mrf24j_set_pan
 .text.Mrf24j_address16_write
                0x0800273e       0x2e ./Core/Src/MRF24J40.o
                0x0800273e                Mrf24j_address16_write
 .text.Mrf24j_rx_flush
                0x0800276c       0x2e ./Core/Src/MRF24J40.o
                0x0800276c                Mrf24j_rx_flush
 *fill*         0x0800279a        0x2 
 .text.Mrf24j_interrupt_handler
                0x0800279c      0x158 ./Core/Src/MRF24J40.o
                0x0800279c                Mrf24j_interrupt_handler
 .text.__io_putchar
                0x080028f4       0x24 ./Core/Src/main.o
                0x080028f4                __io_putchar
 .text.UART5_StartReceiveDmaIfReady
                0x08002918       0x2c ./Core/Src/main.o
 .text.RobotData_Update
                0x08002944       0xa8 ./Core/Src/main.o
 .text.StateData_Update
                0x080029ec       0x7c ./Core/Src/main.o
 .text.DDSM_Service
                0x08002a68       0xb8 ./Core/Src/main.o
 .text.DDSM_HandleFeedback
                0x08002b20       0x58 ./Core/Src/main.o
 .text.CyberGear_Service
                0x08002b78      0x144 ./Core/Src/main.o
 .text.MRF_ParseMotionCommand
                0x08002cbc      0x160 ./Core/Src/main.o
 .text.MRF_ServiceCommand
                0x08002e1c       0xc4 ./Core/Src/main.o
 .text.MRF_ApplyCommand
                0x08002ee0       0xe4 ./Core/Src/main.o
 .text.MRF_UpdatePositionRamp
                0x08002fc4      0x16c ./Core/Src/main.o
 .text.MRF_PrintInitDiag
                0x08003130       0x74 ./Core/Src/main.o
 .text.MRF_BitBangDelay
                0x080031a4       0x26 ./Core/Src/main.o
 *fill*         0x080031ca        0x2 
 .text.MRF_BitBangTransfer
                0x080031cc       0x88 ./Core/Src/main.o
 .text.MRF_BitBangWriteLong
                0x08003254       0x6c ./Core/Src/main.o
 .text.MRF_BitBangPrimeRfRegs
                0x080032c0       0xd4 ./Core/Src/main.o
 *fill*         0x08003394        0x4 
 .text.main     0x08003398      0x9f0 ./Core/Src/main.o
                0x08003398                main
 .text.HAL_UART_RxCpltCallback
                0x08003d88      0x26c ./Core/Src/main.o
                0x08003d88                HAL_UART_RxCpltCallback
 .text.HAL_GPIO_EXTI_Callback
                0x08003ff4       0x68 ./Core/Src/main.o
                0x08003ff4                HAL_GPIO_EXTI_Callback
 .text.SystemClock_Config
                0x0800405c       0xdc ./Core/Src/main.o
                0x0800405c                SystemClock_Config
 .text.MX_CAN1_Init
                0x08004138       0xa4 ./Core/Src/main.o
 .text.MX_I2C3_Init
                0x080041dc       0x5c ./Core/Src/main.o
 .text.MX_SPI2_Init
                0x08004238       0x6c ./Core/Src/main.o
 .text.MX_UART5_Init
                0x080042a4       0x54 ./Core/Src/main.o
 .text.MX_USART2_UART_Init
                0x080042f8       0x54 ./Core/Src/main.o
 .text.MX_DMA_Init
                0x0800434c       0x40 ./Core/Src/main.o
 .text.MX_GPIO_Init
                0x0800438c      0x1b0 ./Core/Src/main.o
 .text.Error_Handler
                0x0800453c        0xc ./Core/Src/main.o
                0x0800453c                Error_Handler
 .text.HAL_MspInit
                0x08004548       0x50 ./Core/Src/stm32f4xx_hal_msp.o
                0x08004548                HAL_MspInit
 .text.HAL_CAN_MspInit
                0x08004598       0xa0 ./Core/Src/stm32f4xx_hal_msp.o
                0x08004598                HAL_CAN_MspInit
 .text.HAL_I2C_MspInit
                0x08004638       0xd4 ./Core/Src/stm32f4xx_hal_msp.o
                0x08004638                HAL_I2C_MspInit
 .text.HAL_SPI_MspInit
                0x0800470c       0xf0 ./Core/Src/stm32f4xx_hal_msp.o
                0x0800470c                HAL_SPI_MspInit
 .text.HAL_UART_MspInit
                0x080047fc      0x1c4 ./Core/Src/stm32f4xx_hal_msp.o
                0x080047fc                HAL_UART_MspInit
 .text.NMI_Handler
                0x080049c0        0x8 ./Core/Src/stm32f4xx_it.o
                0x080049c0                NMI_Handler
 .text.HardFault_Handler
                0x080049c8        0x8 ./Core/Src/stm32f4xx_it.o
                0x080049c8                HardFault_Handler
 .text.MemManage_Handler
                0x080049d0        0x8 ./Core/Src/stm32f4xx_it.o
                0x080049d0                MemManage_Handler
 .text.BusFault_Handler
                0x080049d8        0x8 ./Core/Src/stm32f4xx_it.o
                0x080049d8                BusFault_Handler
 .text.UsageFault_Handler
                0x080049e0        0x8 ./Core/Src/stm32f4xx_it.o
                0x080049e0                UsageFault_Handler
 .text.SVC_Handler
                0x080049e8        0xe ./Core/Src/stm32f4xx_it.o
                0x080049e8                SVC_Handler
 .text.DebugMon_Handler
                0x080049f6        0xe ./Core/Src/stm32f4xx_it.o
                0x080049f6                DebugMon_Handler
 .text.PendSV_Handler
                0x08004a04        0xe ./Core/Src/stm32f4xx_it.o
                0x08004a04                PendSV_Handler
 .text.SysTick_Handler
                0x08004a12        0xc ./Core/Src/stm32f4xx_it.o
                0x08004a12                SysTick_Handler
 *fill*         0x08004a1e        0x2 
 .text.DMA1_Stream0_IRQHandler
                0x08004a20       0x14 ./Core/Src/stm32f4xx_it.o
                0x08004a20                DMA1_Stream0_IRQHandler
 .text.CAN1_RX0_IRQHandler
                0x08004a34       0x14 ./Core/Src/stm32f4xx_it.o
                0x08004a34                CAN1_RX0_IRQHandler
 .text.USART2_IRQHandler
                0x08004a48       0xa4 ./Core/Src/stm32f4xx_it.o
                0x08004a48                USART2_IRQHandler
 .text.EXTI1_IRQHandler
                0x08004aec        0xe ./Core/Src/stm32f4xx_it.o
                0x08004aec                EXTI1_IRQHandler
 .text.EXTI9_5_IRQHandler
                0x08004afa        0xe ./Core/Src/stm32f4xx_it.o
                0x08004afa                EXTI9_5_IRQHandler
 .text.EXTI15_10_IRQHandler
                0x08004b08       0x68 ./Core/Src/stm32f4xx_it.o
                0x08004b08                EXTI15_10_IRQHandler
 .text.UART5_IRQHandler
                0x08004b70       0x14 ./Core/Src/stm32f4xx_it.o
                0x08004b70                UART5_IRQHandler
 .text.TIM6_DAC_IRQHandler
                0x08004b84       0x94 ./Core/Src/stm32f4xx_it.o
                0x08004b84                TIM6_DAC_IRQHandler
 .text._getpid  0x08004c18       0x10 ./Core/Src/syscalls.o
                0x08004c18                _getpid
 .text._kill    0x08004c28       0x20 ./Core/Src/syscalls.o
                0x08004c28                _kill
 .text._exit    0x08004c48       0x16 ./Core/Src/syscalls.o
                0x08004c48                _exit
 .text._read    0x08004c5e       0x3a ./Core/Src/syscalls.o
                0x08004c5e                _read
 .text._write   0x08004c98       0x38 ./Core/Src/syscalls.o
                0x08004c98                _write
 .text._close   0x08004cd0       0x18 ./Core/Src/syscalls.o
                0x08004cd0                _close
 .text._fstat   0x08004ce8       0x20 ./Core/Src/syscalls.o
                0x08004ce8                _fstat
 .text._isatty  0x08004d08       0x16 ./Core/Src/syscalls.o
                0x08004d08                _isatty
 .text._lseek   0x08004d1e       0x1a ./Core/Src/syscalls.o
                0x08004d1e                _lseek
 .text._sbrk    0x08004d38       0x6c ./Core/Src/sysmem.o
                0x08004d38                _sbrk
 .text.SystemInit
                0x08004da4       0x24 ./Core/Src/system_stm32f4xx.o
                0x08004da4                SystemInit
 .text.Reset_Handler
                0x08004dc8       0x50 ./Core/Startup/startup_stm32f446retx.o
                0x08004dc8                Reset_Handler
 .text.Default_Handler
                0x08004e18        0x2 ./Core/Startup/startup_stm32f446retx.o
                0x08004e18                RTC_Alarm_IRQHandler
                0x08004e18                EXTI2_IRQHandler
                0x08004e18                TIM8_CC_IRQHandler
                0x08004e18                FMPI2C1_EV_IRQHandler
                0x08004e18                SPI4_IRQHandler
                0x08004e18                TIM1_CC_IRQHandler
                0x08004e18                DMA2_Stream5_IRQHandler
                0x08004e18                DMA1_Stream5_IRQHandler
                0x08004e18                PVD_IRQHandler
                0x08004e18                SDIO_IRQHandler
                0x08004e18                TAMP_STAMP_IRQHandler
                0x08004e18                CAN2_RX1_IRQHandler
                0x08004e18                EXTI3_IRQHandler
                0x08004e18                TIM8_TRG_COM_TIM14_IRQHandler
                0x08004e18                TIM1_UP_TIM10_IRQHandler
                0x08004e18                TIM8_UP_TIM13_IRQHandler
                0x08004e18                I2C3_ER_IRQHandler
                0x08004e18                EXTI0_IRQHandler
                0x08004e18                I2C2_EV_IRQHandler
                0x08004e18                DMA1_Stream2_IRQHandler
                0x08004e18                FPU_IRQHandler
                0x08004e18                OTG_HS_WKUP_IRQHandler
                0x08004e18                CAN2_SCE_IRQHandler
                0x08004e18                DMA2_Stream2_IRQHandler
                0x08004e18                SPI1_IRQHandler
                0x08004e18                TIM1_BRK_TIM9_IRQHandler
                0x08004e18                DCMI_IRQHandler
                0x08004e18                CAN2_RX0_IRQHandler
                0x08004e18                DMA2_Stream3_IRQHandler
                0x08004e18                SAI2_IRQHandler
                0x08004e18                USART6_IRQHandler
                0x08004e18                USART3_IRQHandler
                0x08004e18                CAN1_RX1_IRQHandler
                0x08004e18                DMA2_Stream0_IRQHandler
                0x08004e18                TIM4_IRQHandler
                0x08004e18                QUADSPI_IRQHandler
                0x08004e18                I2C1_EV_IRQHandler
                0x08004e18                DMA1_Stream6_IRQHandler
                0x08004e18                DMA1_Stream1_IRQHandler
                0x08004e18                UART4_IRQHandler
                0x08004e18                TIM3_IRQHandler
                0x08004e18                RCC_IRQHandler
                0x08004e18                TIM8_BRK_TIM12_IRQHandler
                0x08004e18                Default_Handler
                0x08004e18                CEC_IRQHandler
                0x08004e18                ADC_IRQHandler
                0x08004e18                DMA1_Stream7_IRQHandler
                0x08004e18                TIM7_IRQHandler
                0x08004e18                CAN2_TX_IRQHandler
                0x08004e18                TIM5_IRQHandler
                0x08004e18                DMA2_Stream7_IRQHandler
                0x08004e18                I2C3_EV_IRQHandler
                0x08004e18                RTC_WKUP_IRQHandler
                0x08004e18                SPDIF_RX_IRQHandler
                0x08004e18                SPI2_IRQHandler
                0x08004e18                OTG_HS_EP1_IN_IRQHandler
                0x08004e18                CAN1_TX_IRQHandler
                0x08004e18                FMPI2C1_ER_IRQHandler
                0x08004e18                EXTI4_IRQHandler
                0x08004e18                OTG_HS_EP1_OUT_IRQHandler
                0x08004e18                WWDG_IRQHandler
                0x08004e18                TIM2_IRQHandler
                0x08004e18                OTG_FS_WKUP_IRQHandler
                0x08004e18                TIM1_TRG_COM_TIM11_IRQHandler
                0x08004e18                OTG_HS_IRQHandler
                0x08004e18                I2C2_ER_IRQHandler
                0x08004e18                DMA2_Stream1_IRQHandler
                0x08004e18                CAN1_SCE_IRQHandler
                0x08004e18                FLASH_IRQHandler
                0x08004e18                DMA2_Stream4_IRQHandler
                0x08004e18                USART1_IRQHandler
                0x08004e18                OTG_FS_IRQHandler
                0x08004e18                SPI3_IRQHandler
                0x08004e18                DMA1_Stream4_IRQHandler
                0x08004e18                I2C1_ER_IRQHandler
                0x08004e18                FMC_IRQHandler
                0x08004e18                DMA2_Stream6_IRQHandler
                0x08004e18                SAI1_IRQHandler
                0x08004e18                DMA1_Stream3_IRQHandler
 *fill*         0x08004e1a        0x2 
 .text.HAL_Init
                0x08004e1c       0x44 ./Drivers/STM32F4xx_HAL_Driver/Src/stm32f4xx_hal.o
                0x08004e1c                HAL_Init
 .text.HAL_InitTick
                0x08004e60       0x60 ./Drivers/STM32F4xx_HAL_Driver/Src/stm32f4xx_hal.o
                0x08004e60                HAL_InitTick
 .text.HAL_IncTick
                0x08004ec0       0x28 ./Drivers/STM32F4xx_HAL_Driver/Src/stm32f4xx_hal.o
                0x08004ec0                HAL_IncTick
 .text.HAL_GetTick
                0x08004ee8       0x18 ./Drivers/STM32F4xx_HAL_Driver/Src/stm32f4xx_hal.o
                0x08004ee8                HAL_GetTick
 .text.HAL_Delay
                0x08004f00       0x48 ./Drivers/STM32F4xx_HAL_Driver/Src/stm32f4xx_hal.o
                0x08004f00                HAL_Delay
 .text.HAL_CAN_Init
                0x08004f48      0x1f6 ./Drivers/STM32F4xx_HAL_Driver/Src/stm32f4xx_hal_can.o
                0x08004f48                HAL_CAN_Init
 *fill*         0x0800513e        0x2 
 .text.HAL_CAN_ConfigFilter
                0x08005140      0x1bc ./Drivers/STM32F4xx_HAL_Driver/Src/stm32f4xx_hal_can.o
                0x08005140                HAL_CAN_ConfigFilter
 .text.HAL_CAN_Start
                0x080052fc       0x88 ./Drivers/STM32F4xx_HAL_Driver/Src/stm32f4xx_hal_can.o
                0x080052fc                HAL_CAN_Start
 .text.HAL_CAN_AddTxMessage
                0x08005384      0x1a0 ./Drivers/STM32F4xx_HAL_Driver/Src/stm32f4xx_hal_can.o
                0x08005384                HAL_CAN_AddTxMessage
 .text.HAL_CAN_GetTxMailboxesFreeLevel
                0x08005524       0x6a ./Drivers/STM32F4xx_HAL_Driver/Src/stm32f4xx_hal_can.o
                0x08005524                HAL_CAN_GetTxMailboxesFreeLevel
 .text.HAL_CAN_GetRxMessage
                0x0800558e      0x244 ./Drivers/STM32F4xx_HAL_Driver/Src/stm32f4xx_hal_can.o
                0x0800558e                HAL_CAN_GetRxMessage
 .text.HAL_CAN_ActivateNotification
                0x080057d2       0x4c ./Drivers/STM32F4xx_HAL_Driver/Src/stm32f4xx_hal_can.o
                0x080057d2                HAL_CAN_ActivateNotification
 .text.HAL_CAN_IRQHandler
                0x0800581e      0x36e ./Drivers/STM32F4xx_HAL_Driver/Src/stm32f4xx_hal_can.o
                0x0800581e                HAL_CAN_IRQHandler
 .text.HAL_CAN_TxMailbox0CompleteCallback
                0x08005b8c       0x14 ./Drivers/STM32F4xx_HAL_Driver/Src/stm32f4xx_hal_can.o
                0x08005b8c                HAL_CAN_TxMailbox0CompleteCallback
 .text.HAL_CAN_TxMailbox1CompleteCallback
                0x08005ba0       0x14 ./Drivers/STM32F4xx_HAL_Driver/Src/stm32f4xx_hal_can.o
                0x08005ba0                HAL_CAN_TxMailbox1CompleteCallback
 .text.HAL_CAN_TxMailbox2CompleteCallback
                0x08005bb4       0x14 ./Drivers/STM32F4xx_HAL_Driver/Src/stm32f4xx_hal_can.o
                0x08005bb4                HAL_CAN_TxMailbox2CompleteCallback
 .text.HAL_CAN_TxMailbox0AbortCallback
                0x08005bc8       0x14 ./Drivers/STM32F4xx_HAL_Driver/Src/stm32f4xx_hal_can.o
                0x08005bc8                HAL_CAN_TxMailbox0AbortCallback
 .text.HAL_CAN_TxMailbox1AbortCallback
                0x08005bdc       0x14 ./Drivers/STM32F4xx_HAL_Driver/Src/stm32f4xx_hal_can.o
                0x08005bdc                HAL_CAN_TxMailbox1AbortCallback
 .text.HAL_CAN_TxMailbox2AbortCallback
                0x08005bf0       0x14 ./Drivers/STM32F4xx_HAL_Driver/Src/stm32f4xx_hal_can.o
                0x08005bf0                HAL_CAN_TxMailbox2AbortCallback
 .text.HAL_CAN_RxFifo0FullCallback
                0x08005c04       0x14 ./Drivers/STM32F4xx_HAL_Driver/Src/stm32f4xx_hal_can.o
                0x08005c04                HAL_CAN_RxFifo0FullCallback
 .text.HAL_CAN_RxFifo1MsgPendingCallback
                0x08005c18       0x14 ./Drivers/STM32F4xx_HAL_Driver/Src/stm32f4xx_hal_can.o
                0x08005c18                HAL_CAN_RxFifo1MsgPendingCallback
 .text.HAL_CAN_RxFifo1FullCallback
                0x08005c2c       0x14 ./Drivers/STM32F4xx_HAL_Driver/Src/stm32f4xx_hal_can.o
                0x08005c2c                HAL_CAN_RxFifo1FullCallback
 .text.HAL_CAN_SleepCallback
                0x08005c40       0x14 ./Drivers/STM32F4xx_HAL_Driver/Src/stm32f4xx_hal_can.o
                0x08005c40                HAL_CAN_SleepCallback
 .text.HAL_CAN_WakeUpFromRxMsgCallback
                0x08005c54       0x14 ./Drivers/STM32F4xx_HAL_Driver/Src/stm32f4xx_hal_can.o
                0x08005c54                HAL_CAN_WakeUpFromRxMsgCallback
 .text.HAL_CAN_ErrorCallback
                0x08005c68       0x14 ./Drivers/STM32F4xx_HAL_Driver/Src/stm32f4xx_hal_can.o
                0x08005c68                HAL_CAN_ErrorCallback
 .text.__NVIC_SetPriorityGrouping
                0x08005c7c       0x48 ./Drivers/STM32F4xx_HAL_Driver/Src/stm32f4xx_hal_cortex.o
 .text.__NVIC_GetPriorityGrouping
                0x08005cc4       0x1c ./Drivers/STM32F4xx_HAL_Driver/Src/stm32f4xx_hal_cortex.o
 .text.__NVIC_EnableIRQ
                0x08005ce0       0x3c ./Drivers/STM32F4xx_HAL_Driver/Src/stm32f4xx_hal_cortex.o
 .text.__NVIC_DisableIRQ
                0x08005d1c       0x48 ./Drivers/STM32F4xx_HAL_Driver/Src/stm32f4xx_hal_cortex.o
 .text.__NVIC_ClearPendingIRQ
                0x08005d64       0x3c ./Drivers/STM32F4xx_HAL_Driver/Src/stm32f4xx_hal_cortex.o
 .text.__NVIC_SetPriority
                0x08005da0       0x54 ./Drivers/STM32F4xx_HAL_Driver/Src/stm32f4xx_hal_cortex.o
 .text.NVIC_EncodePriority
                0x08005df4       0x66 ./Drivers/STM32F4xx_HAL_Driver/Src/stm32f4xx_hal_cortex.o
 *fill*         0x08005e5a        0x2 
 .text.SysTick_Config
                0x08005e5c       0x44 ./Drivers/STM32F4xx_HAL_Driver/Src/stm32f4xx_hal_cortex.o
 .text.HAL_NVIC_SetPriorityGrouping
                0x08005ea0       0x16 ./Drivers/STM32F4xx_HAL_Driver/Src/stm32f4xx_hal_cortex.o
                0x08005ea0                HAL_NVIC_SetPriorityGrouping
 .text.HAL_NVIC_SetPriority
                0x08005eb6       0x38 ./Drivers/STM32F4xx_HAL_Driver/Src/stm32f4xx_hal_cortex.o
                0x08005eb6                HAL_NVIC_SetPriority
 .text.HAL_NVIC_EnableIRQ
                0x08005eee       0x1c ./Drivers/STM32F4xx_HAL_Driver/Src/stm32f4xx_hal_cortex.o
                0x08005eee                HAL_NVIC_EnableIRQ
 .text.HAL_NVIC_DisableIRQ
                0x08005f0a       0x1c ./Drivers/STM32F4xx_HAL_Driver/Src/stm32f4xx_hal_cortex.o
                0x08005f0a                HAL_NVIC_DisableIRQ
 .text.HAL_SYSTICK_Config
                0x08005f26       0x18 ./Drivers/STM32F4xx_HAL_Driver/Src/stm32f4xx_hal_cortex.o
                0x08005f26                HAL_SYSTICK_Config
 .text.HAL_NVIC_ClearPendingIRQ
                0x08005f3e       0x1c ./Drivers/STM32F4xx_HAL_Driver/Src/stm32f4xx_hal_cortex.o
                0x08005f3e                HAL_NVIC_ClearPendingIRQ
 *fill*         0x08005f5a        0x2 
 .text.HAL_DMA_Init
                0x08005f5c      0x15c ./Drivers/STM32F4xx_HAL_Driver/Src/stm32f4xx_hal_dma.o
                0x08005f5c                HAL_DMA_Init
 .text.HAL_DMA_Start_IT
                0x080060b8       0xb0 ./Drivers/STM32F4xx_HAL_Driver/Src/stm32f4xx_hal_dma.o
                0x080060b8                HAL_DMA_Start_IT
 .text.HAL_DMA_Abort
                0x08006168       0xe0 ./Drivers/STM32F4xx_HAL_Driver/Src/stm32f4xx_hal_dma.o
                0x08006168                HAL_DMA_Abort
 .text.HAL_DMA_Abort_IT
                0x08006248       0x44 ./Drivers/STM32F4xx_HAL_Driver/Src/stm32f4xx_hal_dma.o
                0x08006248                HAL_DMA_Abort_IT
 .text.HAL_DMA_IRQHandler
                0x0800628c      0x314 ./Drivers/STM32F4xx_HAL_Driver/Src/stm32f4xx_hal_dma.o
                0x0800628c                HAL_DMA_IRQHandler
 .text.HAL_DMA_GetError
                0x080065a0       0x18 ./Drivers/STM32F4xx_HAL_Driver/Src/stm32f4xx_hal_dma.o
                0x080065a0                HAL_DMA_GetError
 .text.DMA_SetConfig
                0x080065b8       0x5c ./Drivers/STM32F4xx_HAL_Driver/Src/stm32f4xx_hal_dma.o
 .text.DMA_CalcBaseAndBitshift
                0x08006614       0x6c ./Drivers/STM32F4xx_HAL_Driver/Src/stm32f4xx_hal_dma.o
 .text.DMA_CheckFifoParam
                0x08006680       0xf8 ./Drivers/STM32F4xx_HAL_Driver/Src/stm32f4xx_hal_dma.o
 .text.HAL_GPIO_Init
                0x08006778      0x328 ./Drivers/STM32F4xx_HAL_Driver/Src/stm32f4xx_hal_gpio.o
                0x08006778                HAL_GPIO_Init
 .text.HAL_GPIO_ReadPin
                0x08006aa0       0x30 ./Drivers/STM32F4xx_HAL_Driver/Src/stm32f4xx_hal_gpio.o
                0x08006aa0                HAL_GPIO_ReadPin
 .text.HAL_GPIO_WritePin
                0x08006ad0       0x32 ./Drivers/STM32F4xx_HAL_Driver/Src/stm32f4xx_hal_gpio.o
                0x08006ad0                HAL_GPIO_WritePin
 .text.HAL_GPIO_TogglePin
                0x08006b02       0x34 ./Drivers/STM32F4xx_HAL_Driver/Src/stm32f4xx_hal_gpio.o
                0x08006b02                HAL_GPIO_TogglePin
 *fill*         0x08006b36        0x2 
 .text.HAL_GPIO_EXTI_IRQHandler
                0x08006b38       0x30 ./Drivers/STM32F4xx_HAL_Driver/Src/stm32f4xx_hal_gpio.o
                0x08006b38                HAL_GPIO_EXTI_IRQHandler
 .text.HAL_I2C_Init
                0x08006b68      0x288 ./Drivers/STM32F4xx_HAL_Driver/Src/stm32f4xx_hal_i2c.o
                0x08006b68                HAL_I2C_Init
 .text.HAL_I2C_Master_Transmit
                0x08006df0      0x1fc ./Drivers/STM32F4xx_HAL_Driver/Src/stm32f4xx_hal_i2c.o
                0x08006df0                HAL_I2C_Master_Transmit
 .text.HAL_I2C_Master_Receive
                0x08006fec      0x464 ./Drivers/STM32F4xx_HAL_Driver/Src/stm32f4xx_hal_i2c.o
                0x08006fec                HAL_I2C_Master_Receive
 .text.I2C_MasterRequestWrite
                0x08007450      0x104 ./Drivers/STM32F4xx_HAL_Driver/Src/stm32f4xx_hal_i2c.o
 .text.I2C_MasterRequestRead
                0x08007554      0x19c ./Drivers/STM32F4xx_HAL_Driver/Src/stm32f4xx_hal_i2c.o
 .text.I2C_WaitOnFlagUntilTimeout
                0x080076f0       0xf4 ./Drivers/STM32F4xx_HAL_Driver/Src/stm32f4xx_hal_i2c.o
 .text.I2C_WaitOnMasterAddressFlagUntilTimeout
                0x080077e4      0x140 ./Drivers/STM32F4xx_HAL_Driver/Src/stm32f4xx_hal_i2c.o
 .text.I2C_WaitOnTXEFlagUntilTimeout
                0x08007924       0x90 ./Drivers/STM32F4xx_HAL_Driver/Src/stm32f4xx_hal_i2c.o
 .text.I2C_WaitOnBTFFlagUntilTimeout
                0x080079b4       0x90 ./Drivers/STM32F4xx_HAL_Driver/Src/stm32f4xx_hal_i2c.o
 .text.I2C_WaitOnRXNEFlagUntilTimeout
                0x08007a44       0xba ./Drivers/STM32F4xx_HAL_Driver/Src/stm32f4xx_hal_i2c.o
 .text.I2C_IsAcknowledgeFailed
                0x08007afe       0x5e ./Drivers/STM32F4xx_HAL_Driver/Src/stm32f4xx_hal_i2c.o
 .text.HAL_RCC_ClockConfig
                0x08007b5c      0x1cc ./Drivers/STM32F4xx_HAL_Driver/Src/stm32f4xx_hal_rcc.o
                0x08007b5c                HAL_RCC_ClockConfig
 .text.HAL_RCC_GetHCLKFreq
                0x08007d28       0x18 ./Drivers/STM32F4xx_HAL_Driver/Src/stm32f4xx_hal_rcc.o
                0x08007d28                HAL_RCC_GetHCLKFreq
 .text.HAL_RCC_GetPCLK1Freq
                0x08007d40       0x28 ./Drivers/STM32F4xx_HAL_Driver/Src/stm32f4xx_hal_rcc.o
                0x08007d40                HAL_RCC_GetPCLK1Freq
 .text.HAL_RCC_GetPCLK2Freq
                0x08007d68       0x28 ./Drivers/STM32F4xx_HAL_Driver/Src/stm32f4xx_hal_rcc.o
                0x08007d68                HAL_RCC_GetPCLK2Freq
 .text.HAL_RCC_GetSysClockFreq
                0x08007d90      0x460 ./Drivers/STM32F4xx_HAL_Driver/Src/stm32f4xx_hal_rcc_ex.o
                0x08007d90                HAL_RCC_GetSysClockFreq
 .text.HAL_RCC_OscConfig
                0x080081f0      0x53c ./Drivers/STM32F4xx_HAL_Driver/Src/stm32f4xx_hal_rcc_ex.o
                0x080081f0                HAL_RCC_OscConfig
 .text.HAL_SPI_Init
                0x0800872c      0x112 ./Drivers/STM32F4xx_HAL_Driver/Src/stm32f4xx_hal_spi.o
                0x0800872c                HAL_SPI_Init
 .text.HAL_SPI_Transmit
                0x0800883e      0x288 ./Drivers/STM32F4xx_HAL_Driver/Src/stm32f4xx_hal_spi.o
                0x0800883e                HAL_SPI_Transmit
 .text.HAL_SPI_TransmitReceive
                0x08008ac6      0x352 ./Drivers/STM32F4xx_HAL_Driver/Src/stm32f4xx_hal_spi.o
                0x08008ac6                HAL_SPI_TransmitReceive
 .text.SPI_WaitFlagStateUntilTimeout
                0x08008e18      0x110 ./Drivers/STM32F4xx_HAL_Driver/Src/stm32f4xx_hal_spi.o
 .text.SPI_EndRxTxTransaction
                0x08008f28       0xa8 ./Drivers/STM32F4xx_HAL_Driver/Src/stm32f4xx_hal_spi.o
 .text.HAL_TIM_IRQHandler
                0x08008fd0      0x1e0 ./Drivers/STM32F4xx_HAL_Driver/Src/stm32f4xx_hal_tim.o
                0x08008fd0                HAL_TIM_IRQHandler
 .text.HAL_TIM_PeriodElapsedCallback
                0x080091b0       0x14 ./Drivers/STM32F4xx_HAL_Driver/Src/stm32f4xx_hal_tim.o
                0x080091b0                HAL_TIM_PeriodElapsedCallback
 .text.HAL_TIM_OC_DelayElapsedCallback
                0x080091c4       0x14 ./Drivers/STM32F4xx_HAL_Driver/Src/stm32f4xx_hal_tim.o
                0x080091c4                HAL_TIM_OC_DelayElapsedCallback
 .text.HAL_TIM_IC_CaptureCallback
                0x080091d8       0x14 ./Drivers/STM32F4xx_HAL_Driver/Src/stm32f4xx_hal_tim.o
                0x080091d8                HAL_TIM_IC_CaptureCallback
 .text.HAL_TIM_PWM_PulseFinishedCallback
                0x080091ec       0x14 ./Drivers/STM32F4xx_HAL_Driver/Src/stm32f4xx_hal_tim.o
                0x080091ec                HAL_TIM_PWM_PulseFinishedCallback
 .text.HAL_TIM_TriggerCallback
                0x08009200       0x14 ./Drivers/STM32F4xx_HAL_Driver/Src/stm32f4xx_hal_tim.o
                0x08009200                HAL_TIM_TriggerCallback
 .text.HAL_TIMEx_CommutCallback
                0x08009214       0x14 ./Drivers/STM32F4xx_HAL_Driver/Src/stm32f4xx_hal_tim_ex.o
                0x08009214                HAL_TIMEx_CommutCallback
 .text.HAL_TIMEx_BreakCallback
                0x08009228       0x14 ./Drivers/STM32F4xx_HAL_Driver/Src/stm32f4xx_hal_tim_ex.o
                0x08009228                HAL_TIMEx_BreakCallback
 .text.HAL_UART_Init
                0x0800923c       0xa0 ./Drivers/STM32F4xx_HAL_Driver/Src/stm32f4xx_hal_uart.o
                0x0800923c                HAL_UART_Init
 .text.HAL_UART_Transmit
                0x080092dc      0x116 ./Drivers/STM32F4xx_HAL_Driver/Src/stm32f4xx_hal_uart.o
                0x080092dc                HAL_UART_Transmit
 .text.HAL_UART_Receive_DMA
                0x080093f2       0x4a ./Drivers/STM32F4xx_HAL_Driver/Src/stm32f4xx_hal_uart.o
                0x080093f2                HAL_UART_Receive_DMA
 .text.HAL_UART_AbortReceive
                0x0800943c      0x146 ./Drivers/STM32F4xx_HAL_Driver/Src/stm32f4xx_hal_uart.o
                0x0800943c                HAL_UART_AbortReceive
 *fill*         0x08009582        0x2 
 .text.HAL_UART_IRQHandler
                0x08009584      0x554 ./Drivers/STM32F4xx_HAL_Driver/Src/stm32f4xx_hal_uart.o
                0x08009584                HAL_UART_IRQHandler
 .text.HAL_UART_TxCpltCallback
                0x08009ad8       0x14 ./Drivers/STM32F4xx_HAL_Driver/Src/stm32f4xx_hal_uart.o
                0x08009ad8                HAL_UART_TxCpltCallback
 .text.HAL_UART_RxHalfCpltCallback
                0x08009aec       0x14 ./Drivers/STM32F4xx_HAL_Driver/Src/stm32f4xx_hal_uart.o
                0x08009aec                HAL_UART_RxHalfCpltCallback
 .text.HAL_UART_ErrorCallback
                0x08009b00       0x14 ./Drivers/STM32F4xx_HAL_Driver/Src/stm32f4xx_hal_uart.o
                0x08009b00                HAL_UART_ErrorCallback
 .text.HAL_UARTEx_RxEventCallback
                0x08009b14       0x18 ./Drivers/STM32F4xx_HAL_Driver/Src/stm32f4xx_hal_uart.o
                0x08009b14                HAL_UARTEx_RxEventCallback
 .text.UART_DMAReceiveCplt
                0x08009b2c      0x12c ./Drivers/STM32F4xx_HAL_Driver/Src/stm32f4xx_hal_uart.o
 .text.UART_DMARxHalfCplt
                0x08009c58       0x3c ./Drivers/STM32F4xx_HAL_Driver/Src/stm32f4xx_hal_uart.o
 .text.UART_DMAError
                0x08009c94       0x94 ./Drivers/STM32F4xx_HAL_Driver/Src/stm32f4xx_hal_uart.o
 .text.UART_WaitOnFlagUntilTimeout
                0x08009d28       0xb2 ./Drivers/STM32F4xx_HAL_Driver/Src/stm32f4xx_hal_uart.o
 *fill*         0x08009dda        0x2 
 .text.UART_Start_Receive_DMA
                0x08009ddc      0x14c ./Drivers/STM32F4xx_HAL_Driver/Src/stm32f4xx_hal_uart.o
                0x08009ddc                UART_Start_Receive_DMA
 .text.UART_EndTxTransfer
                0x08009f28       0x50 ./Drivers/STM32F4xx_HAL_Driver/Src/stm32f4xx_hal_uart.o
 .text.UART_EndRxTransfer
                0x08009f78       0xc6 ./Drivers/STM32F4xx_HAL_Driver/Src/stm32f4xx_hal_uart.o
 .text.UART_DMAAbortOnError
                0x0800a03e       0x22 ./Drivers/STM32F4xx_HAL_Driver/Src/stm32f4xx_hal_uart.o
 .text.UART_Transmit_IT
                0x0800a060       0xa0 ./Drivers/STM32F4xx_HAL_Driver/Src/stm32f4xx_hal_uart.o
 .text.UART_EndTransmit_IT
                0x0800a100       0x30 ./Drivers/STM32F4xx_HAL_Driver/Src/stm32f4xx_hal_uart.o
 .text.UART_Receive_IT
                0x0800a130      0x17c ./Drivers/STM32F4xx_HAL_Driver/Src/stm32f4xx_hal_uart.o
 .text.UART_SetConfig
                0x0800a2ac      0x4e8 ./Drivers/STM32F4xx_HAL_Driver/Src/stm32f4xx_hal_uart.o
 .text.DWT_Init
                0x0800a794       0x34 ./SH2 Sensorhub/Src/demo_app.o
                0x0800a794                DWT_Init
 .text.DWT_GetMicros
                0x0800a7c8       0x30 ./SH2 Sensorhub/Src/demo_app.o
                0x0800a7c8                DWT_GetMicros
 .text.hal_open
                0x0800a7f8       0x16 ./SH2 Sensorhub/Src/demo_app.o
 .text.hal_close
                0x0800a80e       0x14 ./SH2 Sensorhub/Src/demo_app.o
 *fill*         0x0800a822        0x2 
 .text.hal_read
                0x0800a824       0xcc ./SH2 Sensorhub/Src/demo_app.o
 .text.hal_write
                0x0800a8f0       0x38 ./SH2 Sensorhub/Src/demo_app.o
 .text.hal_getTimeUs
                0x0800a928       0x16 ./SH2 Sensorhub/Src/demo_app.o
 *fill*         0x0800a93e        0x2 
 .text.sensorCallback
                0x0800a940      0x25c ./SH2 Sensorhub/Src/demo_app.o
 .text.eventCallback
                0x0800ab9c       0x54 ./SH2 Sensorhub/Src/demo_app.o
 .text.BNO_Init
                0x0800abf0      0x198 ./SH2 Sensorhub/Src/demo_app.o
                0x0800abf0                BNO_Init
 .text.BNO_App  0x0800ad88      0x124 ./SH2 Sensorhub/Src/demo_app.o
                0x0800ad88                BNO_App
 .text.BNO_EXTI_Callback
                0x0800aeac       0x74 ./SH2 Sensorhub/Src/demo_app.o
                0x0800aeac                BNO_EXTI_Callback
 .text.opStart  0x0800af20       0x4a ./SH2 Sensorhub/Src/sh2.o
 .text.opRx     0x0800af6a       0x36 ./SH2 Sensorhub/Src/sh2.o
 .text.opCompleted
                0x0800afa0       0x24 ./SH2 Sensorhub/Src/sh2.o
 .text.opOnReset
                0x0800afc4       0x38 ./SH2 Sensorhub/Src/sh2.o
 .text.getReportLen
                0x0800affc       0x48 ./SH2 Sensorhub/Src/sh2.o
 .text.sensorhubControlHdlr
                0x0800b044      0x15c ./SH2 Sensorhub/Src/sh2.o
 .text.opProcess
                0x0800b1a0       0xa8 ./SH2 Sensorhub/Src/sh2.o
 .text.touSTimestamp
                0x0800b248       0x88 ./SH2 Sensorhub/Src/sh2.o
 .text.sensorhubInputHdlr
                0x0800b2d0      0x160 ./SH2 Sensorhub/Src/sh2.o
 .text.sensorhubInputNormalHdlr
                0x0800b430       0x28 ./SH2 Sensorhub/Src/sh2.o
 .text.sensorhubInputWakeHdlr
                0x0800b458       0x28 ./SH2 Sensorhub/Src/sh2.o
 .text.sensorhubInputGyroRvHdlr
                0x0800b480       0xa2 ./SH2 Sensorhub/Src/sh2.o
 *fill*         0x0800b522        0x2 
 .text.executableDeviceHdlr
                0x0800b524       0x78 ./SH2 Sensorhub/Src/sh2.o
 .text.sendCtrl
                0x0800b59c       0x26 ./SH2 Sensorhub/Src/sh2.o
 .text.setSensorConfigStart
                0x0800b5c2       0xda ./SH2 Sensorhub/Src/sh2.o
 .text.shtpEventCallback
                0x0800b69c       0x44 ./SH2 Sensorhub/Src/sh2.o
 .text.sh2_open
                0x0800b6e0      0x134 ./SH2 Sensorhub/Src/sh2.o
                0x0800b6e0                sh2_open
 .text.sh2_service
                0x0800b814       0x28 ./SH2 Sensorhub/Src/sh2.o
                0x0800b814                sh2_service
 .text.sh2_setSensorCallback
                0x0800b83c       0x2c ./SH2 Sensorhub/Src/sh2.o
                0x0800b83c                sh2_setSensorCallback
 .text.sh2_setSensorConfig
                0x0800b868       0x54 ./SH2 Sensorhub/Src/sh2.o
                0x0800b868                sh2_setSensorConfig
 .text.sh2_decodeSensorEvent
                0x0800b8bc      0x318 ./SH2 Sensorhub/Src/sh2_SensorValue.o
                0x0800b8bc                sh2_decodeSensorEvent
 .text.decodeRawAccelerometer
                0x0800bbd4       0x5c ./SH2 Sensorhub/Src/sh2_SensorValue.o
 .text.decodeAccelerometer
                0x0800bc30       0x80 ./SH2 Sensorhub/Src/sh2_SensorValue.o
 .text.decodeLinearAcceleration
                0x0800bcb0       0x80 ./SH2 Sensorhub/Src/sh2_SensorValue.o
 .text.decodeGravity
                0x0800bd30       0x80 ./SH2 Sensorhub/Src/sh2_SensorValue.o
 .text.decodeRawGyroscope
                0x0800bdb0       0x6e ./SH2 Sensorhub/Src/sh2_SensorValue.o
 *fill*         0x0800be1e        0x2 
 .text.decodeGyroscopeCalibrated
                0x0800be20       0x80 ./SH2 Sensorhub/Src/sh2_SensorValue.o
 .text.decodeGyroscopeUncal
                0x0800bea0       0xe4 ./SH2 Sensorhub/Src/sh2_SensorValue.o
 .text.decodeRawMagnetometer
                0x0800bf84       0x5c ./SH2 Sensorhub/Src/sh2_SensorValue.o
 .text.decodeMagneticFieldCalibrated
                0x0800bfe0       0x80 ./SH2 Sensorhub/Src/sh2_SensorValue.o
 .text.decodeMagneticFieldUncal
                0x0800c060       0xe4 ./SH2 Sensorhub/Src/sh2_SensorValue.o
 .text.decodeRotationVector
                0x0800c144       0xc8 ./SH2 Sensorhub/Src/sh2_SensorValue.o
 .text.decodeGameRotationVector
                0x0800c20c       0xa0 ./SH2 Sensorhub/Src/sh2_SensorValue.o
 .text.decodeGeomagneticRotationVector
                0x0800c2ac       0xc8 ./SH2 Sensorhub/Src/sh2_SensorValue.o
 .text.decodePressure
                0x0800c374       0x38 ./SH2 Sensorhub/Src/sh2_SensorValue.o
 .text.decodeAmbientLight
                0x0800c3ac       0x38 ./SH2 Sensorhub/Src/sh2_SensorValue.o
 .text.decodeHumidity
                0x0800c3e4       0x3c ./SH2 Sensorhub/Src/sh2_SensorValue.o
 .text.decodeProximity
                0x0800c420       0x3c ./SH2 Sensorhub/Src/sh2_SensorValue.o
 .text.decodeTemperature
                0x0800c45c       0x3c ./SH2 Sensorhub/Src/sh2_SensorValue.o
 .text.decodeReserved
                0x0800c498       0x3c ./SH2 Sensorhub/Src/sh2_SensorValue.o
 .text.decodeTapDetector
                0x0800c4d4       0x20 ./SH2 Sensorhub/Src/sh2_SensorValue.o
 .text.decodeStepDetector
                0x0800c4f4       0x24 ./SH2 Sensorhub/Src/sh2_SensorValue.o
 .text.decodeStepCounter
                0x0800c518       0x36 ./SH2 Sensorhub/Src/sh2_SensorValue.o
 .text.decodeSignificantMotion
                0x0800c54e       0x26 ./SH2 Sensorhub/Src/sh2_SensorValue.o
 .text.decodeStabilityClassifier
                0x0800c574       0x20 ./SH2 Sensorhub/Src/sh2_SensorValue.o
 .text.decodeShakeDetector
                0x0800c594       0x26 ./SH2 Sensorhub/Src/sh2_SensorValue.o
 .text.decodeFlipDetector
                0x0800c5ba       0x26 ./SH2 Sensorhub/Src/sh2_SensorValue.o
 .text.decodePickupDetector
                0x0800c5e0       0x26 ./SH2 Sensorhub/Src/sh2_SensorValue.o
 .text.decodeStabilityDetector
                0x0800c606       0x26 ./SH2 Sensorhub/Src/sh2_SensorValue.o
 .text.decodePersonalActivityClassifier
                0x0800c62c       0x66 ./SH2 Sensorhub/Src/sh2_SensorValue.o
 .text.decodeSleepDetector
                0x0800c692       0x20 ./SH2 Sensorhub/Src/sh2_SensorValue.o
 .text.decodeTiltDetector
                0x0800c6b2       0x26 ./SH2 Sensorhub/Src/sh2_SensorValue.o
 .text.decodePocketDetector
                0x0800c6d8       0x26 ./SH2 Sensorhub/Src/sh2_SensorValue.o
 .text.decodeCircleDetector
                0x0800c6fe       0x26 ./SH2 Sensorhub/Src/sh2_SensorValue.o
 .text.decodeHeartRateMonitor
                0x0800c724       0x26 ./SH2 Sensorhub/Src/sh2_SensorValue.o
 *fill*         0x0800c74a        0x2 
 .text.decodeArvrStabilizedRV
                0x0800c74c       0xc8 ./SH2 Sensorhub/Src/sh2_SensorValue.o
 .text.decodeArvrStabilizedGRV
                0x0800c814       0xa0 ./SH2 Sensorhub/Src/sh2_SensorValue.o
 .text.decodeGyroIntegratedRV
                0x0800c8b4      0x10c ./SH2 Sensorhub/Src/sh2_SensorValue.o
 .text.decodeIZroRequest
                0x0800c9c0       0x28 ./SH2 Sensorhub/Src/sh2_SensorValue.o
 .text.decodeRawOptFlow
                0x0800c9e8       0xfa ./SH2 Sensorhub/Src/sh2_SensorValue.o
 *fill*         0x0800cae2        0x2 
 .text.decodeDeadReckoningPose
                0x0800cae4      0x1d4 ./SH2 Sensorhub/Src/sh2_SensorValue.o
 .text.decodeWheelEncoder
                0x0800ccb8       0x5c ./SH2 Sensorhub/Src/sh2_SensorValue.o
 .text.readu16  0x0800cd14       0x2e ./SH2 Sensorhub/Src/sh2_util.o
                0x0800cd14                readu16
 .text.readu32  0x0800cd42       0x3c ./SH2 Sensorhub/Src/sh2_util.o
                0x0800cd42                readu32
 .text.read8    0x0800cd7e       0x1e ./SH2 Sensorhub/Src/sh2_util.o
                0x0800cd7e                read8
 .text.read16   0x0800cd9c       0x2e ./SH2 Sensorhub/Src/sh2_util.o
                0x0800cd9c                read16
 .text.read32   0x0800cdca       0x3c ./SH2 Sensorhub/Src/sh2_util.o
                0x0800cdca                read32
 *fill*         0x0800ce06        0x2 
 .text.shtp_init
                0x0800ce08       0x44 ./SH2 Sensorhub/Src/shtp.o
 .text.getInstance
                0x0800ce4c       0x50 ./SH2 Sensorhub/Src/shtp.o
 .text.min_u16  0x0800ce9c       0x2a ./SH2 Sensorhub/Src/shtp.o
 .text.txProcess
                0x0800cec6      0x12a ./SH2 Sensorhub/Src/shtp.o
 .text.rxAssemble
                0x0800cff0      0x2bc ./SH2 Sensorhub/Src/shtp.o
 .text.shtp_open
                0x0800d2ac       0x68 ./SH2 Sensorhub/Src/shtp.o
                0x0800d2ac                shtp_open
 .text.shtp_setEventCallback
                0x0800d314       0x28 ./SH2 Sensorhub/Src/shtp.o
                0x0800d314                shtp_setEventCallback
 .text.shtp_listenChan
                0x0800d33c       0x60 ./SH2 Sensorhub/Src/shtp.o
                0x0800d33c                shtp_listenChan
 .text.shtp_send
                0x0800d39c       0x62 ./SH2 Sensorhub/Src/shtp.o
                0x0800d39c                shtp_send
 .text.shtp_service
                0x0800d3fe       0x4c ./SH2 Sensorhub/Src/shtp.o
                0x0800d3fe                shtp_service
 *fill*         0x0800d44a        0x2 
 .text._strtol_l.isra.0
                0x0800d44c       0xf4 C:/ST/STM32CubeIDE_2.1.1/STM32CubeIDE/plugins/com.st.stm32cube.ide.mcu.externaltools.gnu-tools-for-stm32.14.3.rel1.win32_1.0.100.202602081740/tools/bin/../lib/gcc/arm-none-eabi/14.3.1/../../../../arm-none-eabi/lib/thumb/v7e-m+fp/hard\libc_nano.a(libc_a-strtol.o)
 .text.strtol   0x0800d540       0x14 C:/ST/STM32CubeIDE_2.1.1/STM32CubeIDE/plugins/com.st.stm32cube.ide.mcu.externaltools.gnu-tools-for-stm32.14.3.rel1.win32_1.0.100.202602081740/tools/bin/../lib/gcc/arm-none-eabi/14.3.1/../../../../arm-none-eabi/lib/thumb/v7e-m+fp/hard\libc_nano.a(libc_a-strtol.o)
                0x0800d540                strtol
 .text.__cvt    0x0800d554       0xca C:/ST/STM32CubeIDE_2.1.1/STM32CubeIDE/plugins/com.st.stm32cube.ide.mcu.externaltools.gnu-tools-for-stm32.14.3.rel1.win32_1.0.100.202602081740/tools/bin/../lib/gcc/arm-none-eabi/14.3.1/../../../../arm-none-eabi/lib/thumb/v7e-m+fp/hard\libc_nano.a(libc_a-nano-vfprintf_float.o)
                0x0800d554                __cvt
 .text.__exponent
                0x0800d61e       0x74 C:/ST/STM32CubeIDE_2.1.1/STM32CubeIDE/plugins/com.st.stm32cube.ide.mcu.externaltools.gnu-tools-for-stm32.14.3.rel1.win32_1.0.100.202602081740/tools/bin/../lib/gcc/arm-none-eabi/14.3.1/../../../../arm-none-eabi/lib/thumb/v7e-m+fp/hard\libc_nano.a(libc_a-nano-vfprintf_float.o)
                0x0800d61e                __exponent
 *fill*         0x0800d692        0x2 
 .text._printf_float
                0x0800d694      0x450 C:/ST/STM32CubeIDE_2.1.1/STM32CubeIDE/plugins/com.st.stm32cube.ide.mcu.externaltools.gnu-tools-for-stm32.14.3.rel1.win32_1.0.100.202602081740/tools/bin/../lib/gcc/arm-none-eabi/14.3.1/../../../../arm-none-eabi/lib/thumb/v7e-m+fp/hard\libc_nano.a(libc_a-nano-vfprintf_float.o)
                0x0800d694                _printf_float
 .text._printf_common
                0x0800dae4       0xda C:/ST/STM32CubeIDE_2.1.1/STM32CubeIDE/plugins/com.st.stm32cube.ide.mcu.externaltools.gnu-tools-for-stm32.14.3.rel1.win32_1.0.100.202602081740/tools/bin/../lib/gcc/arm-none-eabi/14.3.1/../../../../arm-none-eabi/lib/thumb/v7e-m+fp/hard\libc_nano.a(libc_a-nano-vfprintf_i.o)
                0x0800dae4                _printf_common
 *fill*         0x0800dbbe        0x2 
 .text._printf_i
                0x0800dbc0      0x24c C:/ST/STM32CubeIDE_2.1.1/STM32CubeIDE/plugins/com.st.stm32cube.ide.mcu.externaltools.gnu-tools-for-stm32.14.3.rel1.win32_1.0.100.202602081740/tools/bin/../lib/gcc/arm-none-eabi/14.3.1/../../../../arm-none-eabi/lib/thumb/v7e-m+fp/hard\libc_nano.a(libc_a-nano-vfprintf_i.o)
                0x0800dbc0                _printf_i
 .text.std      0x0800de0c       0x6c C:/ST/STM32CubeIDE_2.1.1/STM32CubeIDE/plugins/com.st.stm32cube.ide.mcu.externaltools.gnu-tools-for-stm32.14.3.rel1.win32_1.0.100.202602081740/tools/bin/../lib/gcc/arm-none-eabi/14.3.1/../../../../arm-none-eabi/lib/thumb/v7e-m+fp/hard\libc_nano.a(libc_a-findfp.o)
 .text.stdio_exit_handler
                0x0800de78       0x18 C:/ST/STM32CubeIDE_2.1.1/STM32CubeIDE/plugins/com.st.stm32cube.ide.mcu.externaltools.gnu-tools-for-stm32.14.3.rel1.win32_1.0.100.202602081740/tools/bin/../lib/gcc/arm-none-eabi/14.3.1/../../../../arm-none-eabi/lib/thumb/v7e-m+fp/hard\libc_nano.a(libc_a-findfp.o)
 .text.cleanup_stdio
                0x0800de90       0x40 C:/ST/STM32CubeIDE_2.1.1/STM32CubeIDE/plugins/com.st.stm32cube.ide.mcu.externaltools.gnu-tools-for-stm32.14.3.rel1.win32_1.0.100.202602081740/tools/bin/../lib/gcc/arm-none-eabi/14.3.1/../../../../arm-none-eabi/lib/thumb/v7e-m+fp/hard\libc_nano.a(libc_a-findfp.o)
 .text.global_stdio_init.part.0
                0x0800ded0       0x40 C:/ST/STM32CubeIDE_2.1.1/STM32CubeIDE/plugins/com.st.stm32cube.ide.mcu.externaltools.gnu-tools-for-stm32.14.3.rel1.win32_1.0.100.202602081740/tools/bin/../lib/gcc/arm-none-eabi/14.3.1/../../../../arm-none-eabi/lib/thumb/v7e-m+fp/hard\libc_nano.a(libc_a-findfp.o)
 .text.__sfp_lock_acquire
                0x0800df10        0xc C:/ST/STM32CubeIDE_2.1.1/STM32CubeIDE/plugins/com.st.stm32cube.ide.mcu.externaltools.gnu-tools-for-stm32.14.3.rel1.win32_1.0.100.202602081740/tools/bin/../lib/gcc/arm-none-eabi/14.3.1/../../../../arm-none-eabi/lib/thumb/v7e-m+fp/hard\libc_nano.a(libc_a-findfp.o)
                0x0800df10                __sfp_lock_acquire
 .text.__sfp_lock_release
                0x0800df1c        0xc C:/ST/STM32CubeIDE_2.1.1/STM32CubeIDE/plugins/com.st.stm32cube.ide.mcu.externaltools.gnu-tools-for-stm32.14.3.rel1.win32_1.0.100.202602081740/tools/bin/../lib/gcc/arm-none-eabi/14.3.1/../../../../arm-none-eabi/lib/thumb/v7e-m+fp/hard\libc_nano.a(libc_a-findfp.o)
                0x0800df1c                __sfp_lock_release
 .text.__sinit  0x0800df28       0x30 C:/ST/STM32CubeIDE_2.1.1/STM32CubeIDE/plugins/com.st.stm32cube.ide.mcu.externaltools.gnu-tools-for-stm32.14.3.rel1.win32_1.0.100.202602081740/tools/bin/../lib/gcc/arm-none-eabi/14.3.1/../../../../arm-none-eabi/lib/thumb/v7e-m+fp/hard\libc_nano.a(libc_a-findfp.o)
                0x0800df28                __sinit
 .text._fwalk_sglue
                0x0800df58       0x3c C:/ST/STM32CubeIDE_2.1.1/STM32CubeIDE/plugins/com.st.stm32cube.ide.mcu.externaltools.gnu-tools-for-stm32.14.3.rel1.win32_1.0.100.202602081740/tools/bin/../lib/gcc/arm-none-eabi/14.3.1/../../../../arm-none-eabi/lib/thumb/v7e-m+fp/hard\libc_nano.a(libc_a-fwalk.o)
                0x0800df58                _fwalk_sglue
 .text.printf   0x0800df94       0x24 C:/ST/STM32CubeIDE_2.1.1/STM32CubeIDE/plugins/com.st.stm32cube.ide.mcu.externaltools.gnu-tools-for-stm32.14.3.rel1.win32_1.0.100.202602081740/tools/bin/../lib/gcc/arm-none-eabi/14.3.1/../../../../arm-none-eabi/lib/thumb/v7e-m+fp/hard\libc_nano.a(libc_a-printf.o)
                0x0800df94                iprintf
                0x0800df94                printf
 .text._puts_r  0x0800dfb8       0xaa C:/ST/STM32CubeIDE_2.1.1/STM32CubeIDE/plugins/com.st.stm32cube.ide.mcu.externaltools.gnu-tools-for-stm32.14.3.rel1.win32_1.0.100.202602081740/tools/bin/../lib/gcc/arm-none-eabi/14.3.1/../../../../arm-none-eabi/lib/thumb/v7e-m+fp/hard\libc_nano.a(libc_a-puts.o)
                0x0800dfb8                _puts_r
 *fill*         0x0800e062        0x2 
 .text.puts     0x0800e064       0x10 C:/ST/STM32CubeIDE_2.1.1/STM32CubeIDE/plugins/com.st.stm32cube.ide.mcu.externaltools.gnu-tools-for-stm32.14.3.rel1.win32_1.0.100.202602081740/tools/bin/../lib/gcc/arm-none-eabi/14.3.1/../../../../arm-none-eabi/lib/thumb/v7e-m+fp/hard\libc_nano.a(libc_a-puts.o)
                0x0800e064                puts
 .text.snprintf
                0x0800e074       0x6c C:/ST/STM32CubeIDE_2.1.1/STM32CubeIDE/plugins/com.st.stm32cube.ide.mcu.externaltools.gnu-tools-for-stm32.14.3.rel1.win32_1.0.100.202602081740/tools/bin/../lib/gcc/arm-none-eabi/14.3.1/../../../../arm-none-eabi/lib/thumb/v7e-m+fp/hard\libc_nano.a(libc_a-snprintf.o)
                0x0800e074                sniprintf
                0x0800e074                snprintf
 .text.__sread  0x0800e0e0       0x22 C:/ST/STM32CubeIDE_2.1.1/STM32CubeIDE/plugins/com.st.stm32cube.ide.mcu.externaltools.gnu-tools-for-stm32.14.3.rel1.win32_1.0.100.202602081740/tools/bin/../lib/gcc/arm-none-eabi/14.3.1/../../../../arm-none-eabi/lib/thumb/v7e-m+fp/hard\libc_nano.a(libc_a-stdio.o)
                0x0800e0e0                __sread
 .text.__swrite
                0x0800e102       0x38 C:/ST/STM32CubeIDE_2.1.1/STM32CubeIDE/plugins/com.st.stm32cube.ide.mcu.externaltools.gnu-tools-for-stm32.14.3.rel1.win32_1.0.100.202602081740/tools/bin/../lib/gcc/arm-none-eabi/14.3.1/../../../../arm-none-eabi/lib/thumb/v7e-m+fp/hard\libc_nano.a(libc_a-stdio.o)
                0x0800e102                __swrite
 .text.__sseek  0x0800e13a       0x26 C:/ST/STM32CubeIDE_2.1.1/STM32CubeIDE/plugins/com.st.stm32cube.ide.mcu.externaltools.gnu-tools-for-stm32.14.3.rel1.win32_1.0.100.202602081740/tools/bin/../lib/gcc/arm-none-eabi/14.3.1/../../../../arm-none-eabi/lib/thumb/v7e-m+fp/hard\libc_nano.a(libc_a-stdio.o)
                0x0800e13a                __sseek
 .text.__sclose
                0x0800e160        0x8 C:/ST/STM32CubeIDE_2.1.1/STM32CubeIDE/plugins/com.st.stm32cube.ide.mcu.externaltools.gnu-tools-for-stm32.14.3.rel1.win32_1.0.100.202602081740/tools/bin/../lib/gcc/arm-none-eabi/14.3.1/../../../../arm-none-eabi/lib/thumb/v7e-m+fp/hard\libc_nano.a(libc_a-stdio.o)
                0x0800e160                __sclose
 .text.__swbuf_r
                0x0800e168       0x7c C:/ST/STM32CubeIDE_2.1.1/STM32CubeIDE/plugins/com.st.stm32cube.ide.mcu.externaltools.gnu-tools-for-stm32.14.3.rel1.win32_1.0.100.202602081740/tools/bin/../lib/gcc/arm-none-eabi/14.3.1/../../../../arm-none-eabi/lib/thumb/v7e-m+fp/hard\libc_nano.a(libc_a-wbuf.o)
                0x0800e168                __swbuf_r
 .text.__swsetup_r
                0x0800e1e4       0xa8 C:/ST/STM32CubeIDE_2.1.1/STM32CubeIDE/plugins/com.st.stm32cube.ide.mcu.externaltools.gnu-tools-for-stm32.14.3.rel1.win32_1.0.100.202602081740/tools/bin/../lib/gcc/arm-none-eabi/14.3.1/../../../../arm-none-eabi/lib/thumb/v7e-m+fp/hard\libc_nano.a(libc_a-wsetup.o)
                0x0800e1e4                __swsetup_r
 .text.memset   0x0800e28c       0x10 C:/ST/STM32CubeIDE_2.1.1/STM32CubeIDE/plugins/com.st.stm32cube.ide.mcu.externaltools.gnu-tools-for-stm32.14.3.rel1.win32_1.0.100.202602081740/tools/bin/../lib/gcc/arm-none-eabi/14.3.1/../../../../arm-none-eabi/lib/thumb/v7e-m+fp/hard\libc_nano.a(libc_a-memset.o)
                0x0800e28c                memset
 .text._localeconv_r
                0x0800e29c        0x8 C:/ST/STM32CubeIDE_2.1.1/STM32CubeIDE/plugins/com.st.stm32cube.ide.mcu.externaltools.gnu-tools-for-stm32.14.3.rel1.win32_1.0.100.202602081740/tools/bin/../lib/gcc/arm-none-eabi/14.3.1/../../../../arm-none-eabi/lib/thumb/v7e-m+fp/hard\libc_nano.a(libc_a-localeconv.o)
                0x0800e29c                _localeconv_r
 .text._close_r
                0x0800e2a4       0x20 C:/ST/STM32CubeIDE_2.1.1/STM32CubeIDE/plugins/com.st.stm32cube.ide.mcu.externaltools.gnu-tools-for-stm32.14.3.rel1.win32_1.0.100.202602081740/tools/bin/../lib/gcc/arm-none-eabi/14.3.1/../../../../arm-none-eabi/lib/thumb/v7e-m+fp/hard\libc_nano.a(libc_a-closer.o)
                0x0800e2a4                _close_r
 .text._lseek_r
                0x0800e2c4       0x24 C:/ST/STM32CubeIDE_2.1.1/STM32CubeIDE/plugins/com.st.stm32cube.ide.mcu.externaltools.gnu-tools-for-stm32.14.3.rel1.win32_1.0.100.202602081740/tools/bin/../lib/gcc/arm-none-eabi/14.3.1/../../../../arm-none-eabi/lib/thumb/v7e-m+fp/hard\libc_nano.a(libc_a-lseekr.o)
                0x0800e2c4                _lseek_r
 .text._read_r  0x0800e2e8       0x24 C:/ST/STM32CubeIDE_2.1.1/STM32CubeIDE/plugins/com.st.stm32cube.ide.mcu.externaltools.gnu-tools-for-stm32.14.3.rel1.win32_1.0.100.202602081740/tools/bin/../lib/gcc/arm-none-eabi/14.3.1/../../../../arm-none-eabi/lib/thumb/v7e-m+fp/hard\libc_nano.a(libc_a-readr.o)
                0x0800e2e8                _read_r
 .text._write_r
                0x0800e30c       0x24 C:/ST/STM32CubeIDE_2.1.1/STM32CubeIDE/plugins/com.st.stm32cube.ide.mcu.externaltools.gnu-tools-for-stm32.14.3.rel1.win32_1.0.100.202602081740/tools/bin/../lib/gcc/arm-none-eabi/14.3.1/../../../../arm-none-eabi/lib/thumb/v7e-m+fp/hard\libc_nano.a(libc_a-writer.o)
                0x0800e30c                _write_r
 .text.__errno  0x0800e330        0xc C:/ST/STM32CubeIDE_2.1.1/STM32CubeIDE/plugins/com.st.stm32cube.ide.mcu.externaltools.gnu-tools-for-stm32.14.3.rel1.win32_1.0.100.202602081740/tools/bin/../lib/gcc/arm-none-eabi/14.3.1/../../../../arm-none-eabi/lib/thumb/v7e-m+fp/hard\libc_nano.a(libc_a-errno.o)
                0x0800e330                __errno
 .text.__libc_init_array
                0x0800e33c       0x48 C:/ST/STM32CubeIDE_2.1.1/STM32CubeIDE/plugins/com.st.stm32cube.ide.mcu.externaltools.gnu-tools-for-stm32.14.3.rel1.win32_1.0.100.202602081740/tools/bin/../lib/gcc/arm-none-eabi/14.3.1/../../../../arm-none-eabi/lib/thumb/v7e-m+fp/hard\libc_nano.a(libc_a-init.o)
                0x0800e33c                __libc_init_array
 .text.__retarget_lock_init_recursive
                0x0800e384        0x2 C:/ST/STM32CubeIDE_2.1.1/STM32CubeIDE/plugins/com.st.stm32cube.ide.mcu.externaltools.gnu-tools-for-stm32.14.3.rel1.win32_1.0.100.202602081740/tools/bin/../lib/gcc/arm-none-eabi/14.3.1/../../../../arm-none-eabi/lib/thumb/v7e-m+fp/hard\libc_nano.a(libc_a-lock.o)
                0x0800e384                __retarget_lock_init_recursive
 .text.__retarget_lock_acquire_recursive
                0x0800e386        0x2 C:/ST/STM32CubeIDE_2.1.1/STM32CubeIDE/plugins/com.st.stm32cube.ide.mcu.externaltools.gnu-tools-for-stm32.14.3.rel1.win32_1.0.100.202602081740/tools/bin/../lib/gcc/arm-none-eabi/14.3.1/../../../../arm-none-eabi/lib/thumb/v7e-m+fp/hard\libc_nano.a(libc_a-lock.o)
                0x0800e386                __retarget_lock_acquire_recursive
 .text.__retarget_lock_release_recursive
                0x0800e388        0x2 C:/ST/STM32CubeIDE_2.1.1/STM32CubeIDE/plugins/com.st.stm32cube.ide.mcu.externaltools.gnu-tools-for-stm32.14.3.rel1.win32_1.0.100.202602081740/tools/bin/../lib/gcc/arm-none-eabi/14.3.1/../../../../arm-none-eabi/lib/thumb/v7e-m+fp/hard\libc_nano.a(libc_a-lock.o)
                0x0800e388                __retarget_lock_release_recursive
 .text.memcpy   0x0800e38a       0x1c C:/ST/STM32CubeIDE_2.1.1/STM32CubeIDE/plugins/com.st.stm32cube.ide.mcu.externaltools.gnu-tools-for-stm32.14.3.rel1.win32_1.0.100.202602081740/tools/bin/../lib/gcc/arm-none-eabi/14.3.1/../../../../arm-none-eabi/lib/thumb/v7e-m+fp/hard\libc_nano.a(libc_a-memcpy-stub.o)
                0x0800e38a                memcpy
 .text.quorem   0x0800e3a6      0x110 C:/ST/STM32CubeIDE_2.1.1/STM32CubeIDE/plugins/com.st.stm32cube.ide.mcu.externaltools.gnu-tools-for-stm32.14.3.rel1.win32_1.0.100.202602081740/tools/bin/../lib/gcc/arm-none-eabi/14.3.1/../../../../arm-none-eabi/lib/thumb/v7e-m+fp/hard\libc_nano.a(libc_a-dtoa.o)
 *fill*         0x0800e4b6        0x2 
 .text._dtoa_r  0x0800e4b8      0xbb8 C:/ST/STM32CubeIDE_2.1.1/STM32CubeIDE/plugins/com.st.stm32cube.ide.mcu.externaltools.gnu-tools-for-stm32.14.3.rel1.win32_1.0.100.202602081740/tools/bin/../lib/gcc/arm-none-eabi/14.3.1/../../../../arm-none-eabi/lib/thumb/v7e-m+fp/hard\libc_nano.a(libc_a-dtoa.o)
                0x0800e4b8                _dtoa_r
 .text._free_r  0x0800f070       0x94 C:/ST/STM32CubeIDE_2.1.1/STM32CubeIDE/plugins/com.st.stm32cube.ide.mcu.externaltools.gnu-tools-for-stm32.14.3.rel1.win32_1.0.100.202602081740/tools/bin/../lib/gcc/arm-none-eabi/14.3.1/../../../../arm-none-eabi/lib/thumb/v7e-m+fp/hard\libc_nano.a(libc_a-freer.o)
                0x0800f070                _free_r
 .text.malloc   0x0800f104       0x10 C:/ST/STM32CubeIDE_2.1.1/STM32CubeIDE/plugins/com.st.stm32cube.ide.mcu.externaltools.gnu-tools-for-stm32.14.3.rel1.win32_1.0.100.202602081740/tools/bin/../lib/gcc/arm-none-eabi/14.3.1/../../../../arm-none-eabi/lib/thumb/v7e-m+fp/hard\libc_nano.a(libc_a-malloc.o)
                0x0800f104                malloc
 .text.sbrk_aligned
                0x0800f114       0x44 C:/ST/STM32CubeIDE_2.1.1/STM32CubeIDE/plugins/com.st.stm32cube.ide.mcu.externaltools.gnu-tools-for-stm32.14.3.rel1.win32_1.0.100.202602081740/tools/bin/../lib/gcc/arm-none-eabi/14.3.1/../../../../arm-none-eabi/lib/thumb/v7e-m+fp/hard\libc_nano.a(libc_a-mallocr.o)
 .text._malloc_r
                0x0800f158      0x100 C:/ST/STM32CubeIDE_2.1.1/STM32CubeIDE/plugins/com.st.stm32cube.ide.mcu.externaltools.gnu-tools-for-stm32.14.3.rel1.win32_1.0.100.202602081740/tools/bin/../lib/gcc/arm-none-eabi/14.3.1/../../../../arm-none-eabi/lib/thumb/v7e-m+fp/hard\libc_nano.a(libc_a-mallocr.o)
                0x0800f158                _malloc_r
 .text.__malloc_lock
                0x0800f258        0xc C:/ST/STM32CubeIDE_2.1.1/STM32CubeIDE/plugins/com.st.stm32cube.ide.mcu.externaltools.gnu-tools-for-stm32.14.3.rel1.win32_1.0.100.202602081740/tools/bin/../lib/gcc/arm-none-eabi/14.3.1/../../../../arm-none-eabi/lib/thumb/v7e-m+fp/hard\libc_nano.a(libc_a-mlock.o)
                0x0800f258                __malloc_lock
 .text.__malloc_unlock
                0x0800f264        0xc C:/ST/STM32CubeIDE_2.1.1/STM32CubeIDE/plugins/com.st.stm32cube.ide.mcu.externaltools.gnu-tools-for-stm32.14.3.rel1.win32_1.0.100.202602081740/tools/bin/../lib/gcc/arm-none-eabi/14.3.1/../../../../arm-none-eabi/lib/thumb/v7e-m+fp/hard\libc_nano.a(libc_a-mlock.o)
                0x0800f264                __malloc_unlock
 .text._Balloc  0x0800f270       0x7c C:/ST/STM32CubeIDE_2.1.1/STM32CubeIDE/plugins/com.st.stm32cube.ide.mcu.externaltools.gnu-tools-for-stm32.14.3.rel1.win32_1.0.100.202602081740/tools/bin/../lib/gcc/arm-none-eabi/14.3.1/../../../../arm-none-eabi/lib/thumb/v7e-m+fp/hard\libc_nano.a(libc_a-mprec.o)
                0x0800f270                _Balloc
 .text._Bfree   0x0800f2ec       0x44 C:/ST/STM32CubeIDE_2.1.1/STM32CubeIDE/plugins/com.st.stm32cube.ide.mcu.externaltools.gnu-tools-for-stm32.14.3.rel1.win32_1.0.100.202602081740/tools/bin/../lib/gcc/arm-none-eabi/14.3.1/../../../../arm-none-eabi/lib/thumb/v7e-m+fp/hard\libc_nano.a(libc_a-mprec.o)
                0x0800f2ec                _Bfree
 .text.__multadd
                0x0800f330       0x8c C:/ST/STM32CubeIDE_2.1.1/STM32CubeIDE/plugins/com.st.stm32cube.ide.mcu.externaltools.gnu-tools-for-stm32.14.3.rel1.win32_1.0.100.202602081740/tools/bin/../lib/gcc/arm-none-eabi/14.3.1/../../../../arm-none-eabi/lib/thumb/v7e-m+fp/hard\libc_nano.a(libc_a-mprec.o)
                0x0800f330                __multadd
 .text.__hi0bits
                0x0800f3bc       0x3e C:/ST/STM32CubeIDE_2.1.1/STM32CubeIDE/plugins/com.st.stm32cube.ide.mcu.externaltools.gnu-tools-for-stm32.14.3.rel1.win32_1.0.100.202602081740/tools/bin/../lib/gcc/arm-none-eabi/14.3.1/../../../../arm-none-eabi/lib/thumb/v7e-m+fp/hard\libc_nano.a(libc_a-mprec.o)
                0x0800f3bc                __hi0bits
 .text.__lo0bits
                0x0800f3fa       0x5a C:/ST/STM32CubeIDE_2.1.1/STM32CubeIDE/plugins/com.st.stm32cube.ide.mcu.externaltools.gnu-tools-for-stm32.14.3.rel1.win32_1.0.100.202602081740/tools/bin/../lib/gcc/arm-none-eabi/14.3.1/../../../../arm-none-eabi/lib/thumb/v7e-m+fp/hard\libc_nano.a(libc_a-mprec.o)
                0x0800f3fa                __lo0bits
 .text.__i2b    0x0800f454       0x2c C:/ST/STM32CubeIDE_2.1.1/STM32CubeIDE/plugins/com.st.stm32cube.ide.mcu.externaltools.gnu-tools-for-stm32.14.3.rel1.win32_1.0.100.202602081740/tools/bin/../lib/gcc/arm-none-eabi/14.3.1/../../../../arm-none-eabi/lib/thumb/v7e-m+fp/hard\libc_nano.a(libc_a-mprec.o)
                0x0800f454                __i2b
 .text.__multiply
                0x0800f480      0x154 C:/ST/STM32CubeIDE_2.1.1/STM32CubeIDE/plugins/com.st.stm32cube.ide.mcu.externaltools.gnu-tools-for-stm32.14.3.rel1.win32_1.0.100.202602081740/tools/bin/../lib/gcc/arm-none-eabi/14.3.1/../../../../arm-none-eabi/lib/thumb/v7e-m+fp/hard\libc_nano.a(libc_a-mprec.o)
                0x0800f480                __multiply
 .text.__pow5mult
                0x0800f5d4       0xb8 C:/ST/STM32CubeIDE_2.1.1/STM32CubeIDE/plugins/com.st.stm32cube.ide.mcu.externaltools.gnu-tools-for-stm32.14.3.rel1.win32_1.0.100.202602081740/tools/bin/../lib/gcc/arm-none-eabi/14.3.1/../../../../arm-none-eabi/lib/thumb/v7e-m+fp/hard\libc_nano.a(libc_a-mprec.o)
                0x0800f5d4                __pow5mult
 .text.__lshift
                0x0800f68c       0xdc C:/ST/STM32CubeIDE_2.1.1/STM32CubeIDE/plugins/com.st.stm32cube.ide.mcu.externaltools.gnu-tools-for-stm32.14.3.rel1.win32_1.0.100.202602081740/tools/bin/../lib/gcc/arm-none-eabi/14.3.1/../../../../arm-none-eabi/lib/thumb/v7e-m+fp/hard\libc_nano.a(libc_a-mprec.o)
                0x0800f68c                __lshift
 .text.__mcmp   0x0800f768       0x36 C:/ST/STM32CubeIDE_2.1.1/STM32CubeIDE/plugins/com.st.stm32cube.ide.mcu.externaltools.gnu-tools-for-stm32.14.3.rel1.win32_1.0.100.202602081740/tools/bin/../lib/gcc/arm-none-eabi/14.3.1/../../../../arm-none-eabi/lib/thumb/v7e-m+fp/hard\libc_nano.a(libc_a-mprec.o)
                0x0800f768                __mcmp
 *fill*         0x0800f79e        0x2 
 .text.__mdiff  0x0800f7a0      0x130 C:/ST/STM32CubeIDE_2.1.1/STM32CubeIDE/plugins/com.st.stm32cube.ide.mcu.externaltools.gnu-tools-for-stm32.14.3.rel1.win32_1.0.100.202602081740/tools/bin/../lib/gcc/arm-none-eabi/14.3.1/../../../../arm-none-eabi/lib/thumb/v7e-m+fp/hard\libc_nano.a(libc_a-mprec.o)
                0x0800f7a0                __mdiff
 .text.__d2b    0x0800f8d0       0xb0 C:/ST/STM32CubeIDE_2.1.1/STM32CubeIDE/plugins/com.st.stm32cube.ide.mcu.externaltools.gnu-tools-for-stm32.14.3.rel1.win32_1.0.100.202602081740/tools/bin/../lib/gcc/arm-none-eabi/14.3.1/../../../../arm-none-eabi/lib/thumb/v7e-m+fp/hard\libc_nano.a(libc_a-mprec.o)
                0x0800f8d0                __d2b
 .text.__ssputs_r
                0x0800f980       0xc0 C:/ST/STM32CubeIDE_2.1.1/STM32CubeIDE/plugins/com.st.stm32cube.ide.mcu.externaltools.gnu-tools-for-stm32.14.3.rel1.win32_1.0.100.202602081740/tools/bin/../lib/gcc/arm-none-eabi/14.3.1/../../../../arm-none-eabi/lib/thumb/v7e-m+fp/hard\libc_nano.a(libc_a-nano-svfprintf.o)
                0x0800f980                __ssputs_r
 .text._svfprintf_r
                0x0800fa40      0x1f0 C:/ST/STM32CubeIDE_2.1.1/STM32CubeIDE/plugins/com.st.stm32cube.ide.mcu.externaltools.gnu-tools-for-stm32.14.3.rel1.win32_1.0.100.202602081740/tools/bin/../lib/gcc/arm-none-eabi/14.3.1/../../../../arm-none-eabi/lib/thumb/v7e-m+fp/hard\libc_nano.a(libc_a-nano-svfprintf.o)
                0x0800fa40                _svfiprintf_r
                0x0800fa40                _svfprintf_r
 .text.__sfputc_r
                0x0800fc30       0x2e C:/ST/STM32CubeIDE_2.1.1/STM32CubeIDE/plugins/com.st.stm32cube.ide.mcu.externaltools.gnu-tools-for-stm32.14.3.rel1.win32_1.0.100.202602081740/tools/bin/../lib/gcc/arm-none-eabi/14.3.1/../../../../arm-none-eabi/lib/thumb/v7e-m+fp/hard\libc_nano.a(libc_a-nano-vfprintf.o)
 .text.__sfputs_r
                0x0800fc5e       0x24 C:/ST/STM32CubeIDE_2.1.1/STM32CubeIDE/plugins/com.st.stm32cube.ide.mcu.externaltools.gnu-tools-for-stm32.14.3.rel1.win32_1.0.100.202602081740/tools/bin/../lib/gcc/arm-none-eabi/14.3.1/../../../../arm-none-eabi/lib/thumb/v7e-m+fp/hard\libc_nano.a(libc_a-nano-vfprintf.o)
                0x0800fc5e                __sfputs_r
 *fill*         0x0800fc82        0x2 
 .text._vfprintf_r
                0x0800fc84      0x228 C:/ST/STM32CubeIDE_2.1.1/STM32CubeIDE/plugins/com.st.stm32cube.ide.mcu.externaltools.gnu-tools-for-stm32.14.3.rel1.win32_1.0.100.202602081740/tools/bin/../lib/gcc/arm-none-eabi/14.3.1/../../../../arm-none-eabi/lib/thumb/v7e-m+fp/hard\libc_nano.a(libc_a-nano-vfprintf.o)
                0x0800fc84                _vfprintf_r
                0x0800fc84                _vfiprintf_r
 .text.__sflush_r
                0x0800feac      0x104 C:/ST/STM32CubeIDE_2.1.1/STM32CubeIDE/plugins/com.st.stm32cube.ide.mcu.externaltools.gnu-tools-for-stm32.14.3.rel1.win32_1.0.100.202602081740/tools/bin/../lib/gcc/arm-none-eabi/14.3.1/../../../../arm-none-eabi/lib/thumb/v7e-m+fp/hard\libc_nano.a(libc_a-fflush.o)
                0x0800feac                __sflush_r
 .text._fflush_r
                0x0800ffb0       0x50 C:/ST/STM32CubeIDE_2.1.1/STM32CubeIDE/plugins/com.st.stm32cube.ide.mcu.externaltools.gnu-tools-for-stm32.14.3.rel1.win32_1.0.100.202602081740/tools/bin/../lib/gcc/arm-none-eabi/14.3.1/../../../../arm-none-eabi/lib/thumb/v7e-m+fp/hard\libc_nano.a(libc_a-fflush.o)
                0x0800ffb0                _fflush_r
 .text.__swhatbuf_r
                0x08010000       0x48 C:/ST/STM32CubeIDE_2.1.1/STM32CubeIDE/plugins/com.st.stm32cube.ide.mcu.externaltools.gnu-tools-for-stm32.14.3.rel1.win32_1.0.100.202602081740/tools/bin/../lib/gcc/arm-none-eabi/14.3.1/../../../../arm-none-eabi/lib/thumb/v7e-m+fp/hard\libc_nano.a(libc_a-makebuf.o)
                0x08010000                __swhatbuf_r
 .text.__smakebuf_r
                0x08010048       0x72 C:/ST/STM32CubeIDE_2.1.1/STM32CubeIDE/plugins/com.st.stm32cube.ide.mcu.externaltools.gnu-tools-for-stm32.14.3.rel1.win32_1.0.100.202602081740/tools/bin/../lib/gcc/arm-none-eabi/14.3.1/../../../../arm-none-eabi/lib/thumb/v7e-m+fp/hard\libc_nano.a(libc_a-makebuf.o)
                0x08010048                __smakebuf_r
 .text.memmove  0x080100ba       0x32 C:/ST/STM32CubeIDE_2.1.1/STM32CubeIDE/plugins/com.st.stm32cube.ide.mcu.externaltools.gnu-tools-for-stm32.14.3.rel1.win32_1.0.100.202602081740/tools/bin/../lib/gcc/arm-none-eabi/14.3.1/../../../../arm-none-eabi/lib/thumb/v7e-m+fp/hard\libc_nano.a(libc_a-memmove.o)
                0x080100ba                memmove
 .text._fstat_r
                0x080100ec       0x24 C:/ST/STM32CubeIDE_2.1.1/STM32CubeIDE/plugins/com.st.stm32cube.ide.mcu.externaltools.gnu-tools-for-stm32.14.3.rel1.win32_1.0.100.202602081740/tools/bin/../lib/gcc/arm-none-eabi/14.3.1/../../../../arm-none-eabi/lib/thumb/v7e-m+fp/hard\libc_nano.a(libc_a-fstatr.o)
                0x080100ec                _fstat_r
 .text._isatty_r
                0x08010110       0x20 C:/ST/STM32CubeIDE_2.1.1/STM32CubeIDE/plugins/com.st.stm32cube.ide.mcu.externaltools.gnu-tools-for-stm32.14.3.rel1.win32_1.0.100.202602081740/tools/bin/../lib/gcc/arm-none-eabi/14.3.1/../../../../arm-none-eabi/lib/thumb/v7e-m+fp/hard\libc_nano.a(libc_a-isattyr.o)
                0x08010110                _isatty_r
 .text._sbrk_r  0x08010130       0x20 C:/ST/STM32CubeIDE_2.1.1/STM32CubeIDE/plugins/com.st.stm32cube.ide.mcu.externaltools.gnu-tools-for-stm32.14.3.rel1.win32_1.0.100.202602081740/tools/bin/../lib/gcc/arm-none-eabi/14.3.1/../../../../arm-none-eabi/lib/thumb/v7e-m+fp/hard\libc_nano.a(libc_a-sbrkr.o)
                0x08010130                _sbrk_r
 .text.__assert_func
                0x08010150       0x3c C:/ST/STM32CubeIDE_2.1.1/STM32CubeIDE/plugins/com.st.stm32cube.ide.mcu.externaltools.gnu-tools-for-stm32.14.3.rel1.win32_1.0.100.202602081740/tools/bin/../lib/gcc/arm-none-eabi/14.3.1/../../../../arm-none-eabi/lib/thumb/v7e-m+fp/hard\libc_nano.a(libc_a-assert.o)
                0x08010150                __assert_func
 .text._calloc_r
                0x0801018c       0x28 C:/ST/STM32CubeIDE_2.1.1/STM32CubeIDE/plugins/com.st.stm32cube.ide.mcu.externaltools.gnu-tools-for-stm32.14.3.rel1.win32_1.0.100.202602081740/tools/bin/../lib/gcc/arm-none-eabi/14.3.1/../../../../arm-none-eabi/lib/thumb/v7e-m+fp/hard\libc_nano.a(libc_a-callocr.o)
                0x0801018c                _calloc_r
 .text.__ascii_mbtowc
                0x080101b4       0x24 C:/ST/STM32CubeIDE_2.1.1/STM32CubeIDE/plugins/com.st.stm32cube.ide.mcu.externaltools.gnu-tools-for-stm32.14.3.rel1.win32_1.0.100.202602081740/tools/bin/../lib/gcc/arm-none-eabi/14.3.1/../../../../arm-none-eabi/lib/thumb/v7e-m+fp/hard\libc_nano.a(libc_a-mbtowc_r.o)
                0x080101b4                __ascii_mbtowc
 .text._realloc_r
                0x080101d8       0x5c C:/ST/STM32CubeIDE_2.1.1/STM32CubeIDE/plugins/com.st.stm32cube.ide.mcu.externaltools.gnu-tools-for-stm32.14.3.rel1.win32_1.0.100.202602081740/tools/bin/../lib/gcc/arm-none-eabi/14.3.1/../../../../arm-none-eabi/lib/thumb/v7e-m+fp/hard\libc_nano.a(libc_a-reallocr.o)
                0x080101d8                _realloc_r
 .text.__ascii_wctomb
                0x08010234       0x1a C:/ST/STM32CubeIDE_2.1.1/STM32CubeIDE/plugins/com.st.stm32cube.ide.mcu.externaltools.gnu-tools-for-stm32.14.3.rel1.win32_1.0.100.202602081740/tools/bin/../lib/gcc/arm-none-eabi/14.3.1/../../../../arm-none-eabi/lib/thumb/v7e-m+fp/hard\libc_nano.a(libc_a-wctomb_r.o)
                0x08010234                __ascii_wctomb
 *fill*         0x0801024e        0x2 
 .text.fprintf  0x08010250       0x24 C:/ST/STM32CubeIDE_2.1.1/STM32CubeIDE/plugins/com.st.stm32cube.ide.mcu.externaltools.gnu-tools-for-stm32.14.3.rel1.win32_1.0.100.202602081740/tools/bin/../lib/gcc/arm-none-eabi/14.3.1/../../../../arm-none-eabi/lib/thumb/v7e-m+fp/hard\libc_nano.a(libc_a-fprintf.o)
                0x08010250                fiprintf
                0x08010250                fprintf
 .text.abort    0x08010274        0xe C:/ST/STM32CubeIDE_2.1.1/STM32CubeIDE/plugins/com.st.stm32cube.ide.mcu.externaltools.gnu-tools-for-stm32.14.3.rel1.win32_1.0.100.202602081740/tools/bin/../lib/gcc/arm-none-eabi/14.3.1/../../../../arm-none-eabi/lib/thumb/v7e-m+fp/hard\libc_nano.a(libc_a-abort.o)
                0x08010274                abort
 .text._malloc_usable_size_r
                0x08010282       0x10 C:/ST/STM32CubeIDE_2.1.1/STM32CubeIDE/plugins/com.st.stm32cube.ide.mcu.externaltools.gnu-tools-for-stm32.14.3.rel1.win32_1.0.100.202602081740/tools/bin/../lib/gcc/arm-none-eabi/14.3.1/../../../../arm-none-eabi/lib/thumb/v7e-m+fp/hard\libc_nano.a(libc_a-msizer.o)
                0x08010282                _malloc_usable_size_r
 .text._raise_r
                0x08010292       0x50 C:/ST/STM32CubeIDE_2.1.1/STM32CubeIDE/plugins/com.st.stm32cube.ide.mcu.externaltools.gnu-tools-for-stm32.14.3.rel1.win32_1.0.100.202602081740/tools/bin/../lib/gcc/arm-none-eabi/14.3.1/../../../../arm-none-eabi/lib/thumb/v7e-m+fp/hard\libc_nano.a(libc_a-signal.o)
                0x08010292                _raise_r
 *fill*         0x080102e2        0x2 
 .text.raise    0x080102e4       0x10 C:/ST/STM32CubeIDE_2.1.1/STM32CubeIDE/plugins/com.st.stm32cube.ide.mcu.externaltools.gnu-tools-for-stm32.14.3.rel1.win32_1.0.100.202602081740/tools/bin/../lib/gcc/arm-none-eabi/14.3.1/../../../../arm-none-eabi/lib/thumb/v7e-m+fp/hard\libc_nano.a(libc_a-signal.o)
                0x080102e4                raise
 .text._kill_r  0x080102f4       0x24 C:/ST/STM32CubeIDE_2.1.1/STM32CubeIDE/plugins/com.st.stm32cube.ide.mcu.externaltools.gnu-tools-for-stm32.14.3.rel1.win32_1.0.100.202602081740/tools/bin/../lib/gcc/arm-none-eabi/14.3.1/../../../../arm-none-eabi/lib/thumb/v7e-m+fp/hard\libc_nano.a(libc_a-signalr.o)
                0x080102f4                _kill_r
 .text._getpid_r
                0x08010318        0x4 C:/ST/STM32CubeIDE_2.1.1/STM32CubeIDE/plugins/com.st.stm32cube.ide.mcu.externaltools.gnu-tools-for-stm32.14.3.rel1.win32_1.0.100.202602081740/tools/bin/../lib/gcc/arm-none-eabi/14.3.1/../../../../arm-none-eabi/lib/thumb/v7e-m+fp/hard\libc_nano.a(libc_a-signalr.o)
                0x08010318                _getpid_r
 .text.asinf    0x0801031c       0x58 C:/ST/STM32CubeIDE_2.1.1/STM32CubeIDE/plugins/com.st.stm32cube.ide.mcu.externaltools.gnu-tools-for-stm32.14.3.rel1.win32_1.0.100.202602081740/tools/bin/../lib/gcc/arm-none-eabi/14.3.1/../../../../arm-none-eabi/lib/thumb/v7e-m+fp/hard\libm.a(libm_a-wf_asin.o)
                0x0801031c                asinf
 .text.atan2f   0x08010374        0x4 C:/ST/STM32CubeIDE_2.1.1/STM32CubeIDE/plugins/com.st.stm32cube.ide.mcu.externaltools.gnu-tools-for-stm32.14.3.rel1.win32_1.0.100.202602081740/tools/bin/../lib/gcc/arm-none-eabi/14.3.1/../../../../arm-none-eabi/lib/thumb/v7e-m+fp/hard\libm.a(libm_a-wf_atan2.o)
                0x08010374                atan2f
 .text.fabsf    0x08010378       0x10 C:/ST/STM32CubeIDE_2.1.1/STM32CubeIDE/plugins/com.st.stm32cube.ide.mcu.externaltools.gnu-tools-for-stm32.14.3.rel1.win32_1.0.100.202602081740/tools/bin/../lib/gcc/arm-none-eabi/14.3.1/../../../../arm-none-eabi/lib/thumb/v7e-m+fp/hard\libm.a(libm_a-sf_fabs.o)
                0x08010378                fabsf
 .text.nanf     0x08010388        0xc C:/ST/STM32CubeIDE_2.1.1/STM32CubeIDE/plugins/com.st.stm32cube.ide.mcu.externaltools.gnu-tools-for-stm32.14.3.rel1.win32_1.0.100.202602081740/tools/bin/../lib/gcc/arm-none-eabi/14.3.1/../../../../arm-none-eabi/lib/thumb/v7e-m+fp/hard\libm.a(libm_a-sf_nan.o)
                0x08010388                nanf
 .text.fmaxf    0x08010394       0x50 C:/ST/STM32CubeIDE_2.1.1/STM32CubeIDE/plugins/com.st.stm32cube.ide.mcu.externaltools.gnu-tools-for-stm32.14.3.rel1.win32_1.0.100.202602081740/tools/bin/../lib/gcc/arm-none-eabi/14.3.1/../../../../arm-none-eabi/lib/thumb/v7e-m+fp/hard\libm.a(libm_a-sf_fmax.o)
                0x08010394                fmaxf
 .text.fminf    0x080103e4       0x50 C:/ST/STM32CubeIDE_2.1.1/STM32CubeIDE/plugins/com.st.stm32cube.ide.mcu.externaltools.gnu-tools-for-stm32.14.3.rel1.win32_1.0.100.202602081740/tools/bin/../lib/gcc/arm-none-eabi/14.3.1/../../../../arm-none-eabi/lib/thumb/v7e-m+fp/hard\libm.a(libm_a-sf_fmin.o)
                0x080103e4                fminf
 .text.__fpclassifyf
                0x08010434       0x38 C:/ST/STM32CubeIDE_2.1.1/STM32CubeIDE/plugins/com.st.stm32cube.ide.mcu.externaltools.gnu-tools-for-stm32.14.3.rel1.win32_1.0.100.202602081740/tools/bin/../lib/gcc/arm-none-eabi/14.3.1/../../../../arm-none-eabi/lib/thumb/v7e-m+fp/hard\libm.a(libm_a-sf_fpclassify.o)
                0x08010434                __fpclassifyf
 .text.__ieee754_asinf
                0x0801046c      0x1f4 C:/ST/STM32CubeIDE_2.1.1/STM32CubeIDE/plugins/com.st.stm32cube.ide.mcu.externaltools.gnu-tools-for-stm32.14.3.rel1.win32_1.0.100.202602081740/tools/bin/../lib/gcc/arm-none-eabi/14.3.1/../../../../arm-none-eabi/lib/thumb/v7e-m+fp/hard\libm.a(libm_a-ef_asin.o)
                0x0801046c                __ieee754_asinf
 .text.__ieee754_atan2f
                0x08010660      0x14c C:/ST/STM32CubeIDE_2.1.1/STM32CubeIDE/plugins/com.st.stm32cube.ide.mcu.externaltools.gnu-tools-for-stm32.14.3.rel1.win32_1.0.100.202602081740/tools/bin/../lib/gcc/arm-none-eabi/14.3.1/../../../../arm-none-eabi/lib/thumb/v7e-m+fp/hard\libm.a(libm_a-ef_atan2.o)
                0x08010660                __ieee754_atan2f
 .text.atanf    0x080107ac      0x1a4 C:/ST/STM32CubeIDE_2.1.1/STM32CubeIDE/plugins/com.st.stm32cube.ide.mcu.externaltools.gnu-tools-for-stm32.14.3.rel1.win32_1.0.100.202602081740/tools/bin/../lib/gcc/arm-none-eabi/14.3.1/../../../../arm-none-eabi/lib/thumb/v7e-m+fp/hard\libm.a(libm_a-sf_atan.o)
                0x080107ac                atanf
 .text.__ieee754_sqrtf
                0x08010950        0x8 C:/ST/STM32CubeIDE_2.1.1/STM32CubeIDE/plugins/com.st.stm32cube.ide.mcu.externaltools.gnu-tools-for-stm32.14.3.rel1.win32_1.0.100.202602081740/tools/bin/../lib/gcc/arm-none-eabi/14.3.1/../../../../arm-none-eabi/lib/thumb/v7e-m+fp/hard\libm.a(libm_a-ef_sqrt.o)
                0x08010950                __ieee754_sqrtf
 *(.glue_7)
 .glue_7        0x08010958        0x0 linker stubs
 *(.glue_7t)
 .glue_7t       0x08010958        0x0 linker stubs
 *(.eh_frame)
 .eh_frame      0x08010958        0x0 C:/ST/STM32CubeIDE_2.1.1/STM32CubeIDE/plugins/com.st.stm32cube.ide.mcu.externaltools.gnu-tools-for-stm32.14.3.rel1.win32_1.0.100.202602081740/tools/bin/../lib/gcc/arm-none-eabi/14.3.1/thumb/v7e-m+fp/hard/crtbegin.o
 *(.init)
 .init          0x08010958        0x4 C:/ST/STM32CubeIDE_2.1.1/STM32CubeIDE/plugins/com.st.stm32cube.ide.mcu.externaltools.gnu-tools-for-stm32.14.3.rel1.win32_1.0.100.202602081740/tools/bin/../lib/gcc/arm-none-eabi/14.3.1/thumb/v7e-m+fp/hard/crti.o
                0x08010958                _init
 .init          0x0801095c        0x8 C:/ST/STM32CubeIDE_2.1.1/STM32CubeIDE/plugins/com.st.stm32cube.ide.mcu.externaltools.gnu-tools-for-stm32.14.3.rel1.win32_1.0.100.202602081740/tools/bin/../lib/gcc/arm-none-eabi/14.3.1/thumb/v7e-m+fp/hard/crtn.o
 *(.fini)
 .fini          0x08010964        0x4 C:/ST/STM32CubeIDE_2.1.1/STM32CubeIDE/plugins/com.st.stm32cube.ide.mcu.externaltools.gnu-tools-for-stm32.14.3.rel1.win32_1.0.100.202602081740/tools/bin/../lib/gcc/arm-none-eabi/14.3.1/thumb/v7e-m+fp/hard/crti.o
                0x08010964                _fini
 .fini          0x08010968        0x8 C:/ST/STM32CubeIDE_2.1.1/STM32CubeIDE/plugins/com.st.stm32cube.ide.mcu.externaltools.gnu-tools-for-stm32.14.3.rel1.win32_1.0.100.202602081740/tools/bin/../lib/gcc/arm-none-eabi/14.3.1/thumb/v7e-m+fp/hard/crtn.o
                0x08010970                        . = ALIGN (0x4)
                0x08010970                        _etext = .

.vfp11_veneer   0x08010970        0x0
 .vfp11_veneer  0x08010970        0x0 linker stubs

.v4_bx          0x08010970        0x0
 .v4_bx         0x08010970        0x0 linker stubs

.iplt           0x08010970        0x0
 .iplt          0x08010970        0x0 C:/ST/STM32CubeIDE_2.1.1/STM32CubeIDE/plugins/com.st.stm32cube.ide.mcu.externaltools.gnu-tools-for-stm32.14.3.rel1.win32_1.0.100.202602081740/tools/bin/../lib/gcc/arm-none-eabi/14.3.1/thumb/v7e-m+fp/hard/crtbegin.o

.rodata         0x08010970      0x8f4
                0x08010970                        . = ALIGN (0x4)
 *(.rodata)
 .rodata        0x08010970      0x302 ./Core/Src/MRF24J40.o
 *fill*         0x08010c72        0x2 
 .rodata        0x08010c74      0x159 ./Core/Src/main.o
 *fill*         0x08010dcd        0x3 
 .rodata        0x08010dd0        0xf ./Core/Src/stm32f4xx_it.o
 *fill*         0x08010ddf        0x1 
 .rodata        0x08010de0       0x47 ./SH2 Sensorhub/Src/demo_app.o
 *(.rodata*)
 *fill*         0x08010e27        0x1 
 .rodata.AHBPrescTable
                0x08010e28       0x10 ./Core/Src/system_stm32f4xx.o
                0x08010e28                AHBPrescTable
 .rodata.APBPrescTable
                0x08010e38        0x8 ./Core/Src/system_stm32f4xx.o
                0x08010e38                APBPrescTable
 .rodata.flagBitshiftOffset.0
                0x08010e40        0x8 ./Drivers/STM32F4xx_HAL_Driver/Src/stm32f4xx_hal_dma.o
 .rodata.sh2ReportLens
                0x08010e48       0x60 ./SH2 Sensorhub/Src/sh2.o
 .rodata.setSensorConfigOp
                0x08010ea8       0x10 ./SH2 Sensorhub/Src/sh2.o
                0x08010ea8                setSensorConfigOp
 .rodata._ctype_
                0x08010eb8      0x101 C:/ST/STM32CubeIDE_2.1.1/STM32CubeIDE/plugins/com.st.stm32cube.ide.mcu.externaltools.gnu-tools-for-stm32.14.3.rel1.win32_1.0.100.202602081740/tools/bin/../lib/gcc/arm-none-eabi/14.3.1/../../../../arm-none-eabi/lib/thumb/v7e-m+fp/hard\libc_nano.a(libc_a-ctype_.o)
                0x08010eb8                _ctype_
 .rodata._printf_float.str1.1