../Core/Src/main.c:190:5:main	72	static
../Core/Src/main.c:494:6:SystemClock_Config	88	static
../Core/Src/main.c:542:13:MX_CAN1_Init	8	static
../Core/Src/main.c:579:13:MX_I2C3_Init	8	static
../Core/Src/main.c:613:13:MX_SPI1_Init	8	static
../Core/Src/main.c:651:13:MX_SPI2_Init	8	static
../Core/Src/main.c:689:13:MX_UART5_Init	8	static
../Core/Src/main.c:722:13:MX_USART2_UART_Init	8	static
../Core/Src/main.c:753:13:MX_DMA_Init	16	static
../Core/Src/main.c:771:13:MX_GPIO_Init	48	static
../Core/Src/main.c:852:26:CAN_AddTxMessageWait	24	static
../Core/Src/main.c:867:15:motor_index_from_id	24	static
../Core/Src/main.c:880:13:request_motor_status	56	static
../Core/Src/main.c:897:26:set_mechanical_zero	56	static
../Core/Src/main.c:916:6:HAL_CAN_RxFifo0MsgPendingCallback	32	static
../Core/Src/main.c:940:6:HAL_GPIO_EXTI_Callback	24	static
../Core/Src/main.c:952:6:serialWrite	16	static
../Core/Src/main.c:957:6:serialProcessRxData	8	static
../Core/Src/main.c:977:6:HAL_UART_RxCpltCallback	16	static
../Core/Src/main.c:996:6:stop_motor	32	static
../Core/Src/main.c:1014:6:enable_motor	32	static
../Core/Src/main.c:1032:6:set_limit_speed	48	static
../Core/Src/main.c:1058:6:set_limit_current	48	static
../Core/Src/main.c:1084:6:set_limit_torque	48	static
../Core/Src/main.c:1110:6:send_can_float_package	48	static
../Core/Src/main.c:1135:6:set_run_mode	32	static
../Core/Src/main.c:1155:6:init_motor	16	static
../Core/Src/main.c:1161:6:set_position_ref	16	static
../Core/Src/main.c:1166:19:writeParameter	56	static
../Core/Src/main.c:1194:19:getMotorDeviceID	56	static
../Core/Src/main.c:1223:6:Error_Handler	4	static,ignoring_inline_asm
