../Core/Src/main.c:239:5:__io_putchar	1
../Core/Src/main.c:316:26:UART5_StartReceiveDmaIfReady	2
../Core/Src/main.c:326:13:RobotData_Update	1
../Core/Src/main.c:341:13:StateData_Update	1
../Core/Src/main.c:356:13:DDSM_Service	6
../Core/Src/main.c:383:13:DDSM_HandleFeedback	4
../Core/Src/main.c:400:13:CyberGear_Service	7
../Core/Src/main.c:434:13:MRF_ParseMotionCommand	16
../Core/Src/main.c:496:13:MRF_ServiceCommand	6
../Core/Src/main.c:528:13:MRF_ApplyCommand	3
../Core/Src/main.c:548:13:MRF_UpdatePositionRamp	9
../Core/Src/main.c:593:13:MRF_PrintInitDiag	1
../Core/Src/main.c:605:13:MRF_BitBangDelay	2
../Core/Src/main.c:612:16:MRF_BitBangTransfer	3
../Core/Src/main.c:634:13:MRF_BitBangWriteLong	1
../Core/Src/main.c:648:13:MRF_BitBangPrimeRfRegs	1
../Core/Src/main.c:689:5:main	15
../Core/Src/main.c:1151:6:HAL_UART_RxCpltCallback	8
../Core/Src/main.c:1203:6:HAL_GPIO_EXTI_Callback	4
../Core/Src/main.c:1232:6:SystemClock_Config	3
../Core/Src/main.c:1280:13:MX_CAN1_Init	2
../Core/Src/main.c:1328:13:MX_I2C3_Init	2
../Core/Src/main.c:1362:13:MX_SPI2_Init	2
../Core/Src/main.c:1399:13:MX_TIM6_Init	3
../Core/Src/main.c:1437:13:MX_UART5_Init	2
../Core/Src/main.c:1470:13:MX_USART2_UART_Init	2
../Core/Src/main.c:1501:13:MX_DMA_Init	1
../Core/Src/main.c:1519:13:MX_GPIO_Init	1
../Core/Src/main.c:1622:6:Error_Handler	1
