../Core/Src/main.c:239:5:__io_putchar	16	static
../Core/Src/main.c:316:26:UART5_StartReceiveDmaIfReady	8	static
../Core/Src/main.c:326:13:RobotData_Update	4	static
../Core/Src/main.c:341:13:StateData_Update	4	static
../Core/Src/main.c:356:13:DDSM_Service	16	static
../Core/Src/main.c:383:13:DDSM_HandleFeedback	16	static
../Core/Src/main.c:400:13:CyberGear_Service	8	static
../Core/Src/main.c:434:13:MRF_ParseMotionCommand	72	static
../Core/Src/main.c:496:13:MRF_ServiceCommand	24	static
../Core/Src/main.c:528:13:MRF_ApplyCommand	48	static
../Core/Src/main.c:548:13:MRF_UpdatePositionRamp	32	static
../Core/Src/main.c:593:13:MRF_PrintInitDiag	48	static
../Core/Src/main.c:605:13:MRF_BitBangDelay	16	static
../Core/Src/main.c:612:16:MRF_BitBangTransfer	24	static
../Core/Src/main.c:634:13:MRF_BitBangWriteLong	24	static
../Core/Src/main.c:648:13:MRF_BitBangPrimeRfRegs	32	static
../Core/Src/main.c:689:5:main	168	static
../Core/Src/main.c:1151:6:HAL_UART_RxCpltCallback	16	static
../Core/Src/main.c:1203:6:HAL_GPIO_EXTI_Callback	24	static
../Core/Src/main.c:1232:6:SystemClock_Config	88	static
../Core/Src/main.c:1280:13:MX_CAN1_Init	48	static
../Core/Src/main.c:1328:13:MX_I2C3_Init	8	static
../Core/Src/main.c:1362:13:MX_SPI2_Init	8	static
../Core/Src/main.c:1399:13:MX_TIM6_Init	16	static
../Core/Src/main.c:1437:13:MX_UART5_Init	8	static
../Core/Src/main.c:1470:13:MX_USART2_UART_Init	8	static
../Core/Src/main.c:1501:13:MX_DMA_Init	16	static
../Core/Src/main.c:1519:13:MX_GPIO_Init	48	static
../Core/Src/main.c:1622:6:Error_Handler	4	static,ignoring_inline_asm
