../Core/Src/MRF24J40.c:52:13:Mrf24j_print_rx_fifo	152	static
../Core/Src/MRF24J40.c:74:6:Mrf24j_poll_uart	16	static
../Core/Src/MRF24J40.c:84:6:Mrf24j_rx_check_uart	120	static
../Core/Src/MRF24J40.c:103:6:MRF_InitSPI	24	static
../Core/Src/MRF24J40.c:109:6:MRF_InitGPIO	24	static
../Core/Src/MRF24J40.c:119:13:Mrf24j_spi_flush	16	static
../Core/Src/MRF24J40.c:125:13:Mrf24j_debug_regs	160	static
../Core/Src/MRF24J40.c:145:13:Mrf24j_debug_write_long	104	static
../Core/Src/MRF24J40.c:165:13:Mrf24j_init_common	120	static
../Core/Src/MRF24J40.c:306:6:Mrf24j_init	16	static
../Core/Src/MRF24J40.c:311:6:Mrf24j_init_no_reset	16	static
../Core/Src/MRF24J40.c:317:6:Mrf24j_write_short	24	static
../Core/Src/MRF24J40.c:348:6:Mrf24j_write_long	24	static
../Core/Src/MRF24J40.c:363:9:Mrf24j_read_short	32	static
../Core/Src/MRF24J40.c:383:9:Mrf24j_read_long	32	static
../Core/Src/MRF24J40.c:404:6:Mrf24j_set_interrupts	16	static
../Core/Src/MRF24J40.c:415:6:Mrf24j_set_channel	16	static
../Core/Src/MRF24J40.c:422:6:Mrf24j_reset	8	static
../Core/Src/MRF24J40.c:430:6:Mrf24j_send16	32	static
../Core/Src/MRF24J40.c:509:10:Mrf24j_get_pan	24	static
../Core/Src/MRF24J40.c:514:6:Mrf24j_set_pan	16	static
../Core/Src/MRF24J40.c:519:6:Mrf24j_address16_write	16	static
../Core/Src/MRF24J40.c:524:10:Mrf24j_address16_read	24	static
../Core/Src/MRF24J40.c:529:6:Mrf24j_rx_flush	16	static
../Core/Src/MRF24J40.c:538:6:Mrf24j_rx_disable	8	static
../Core/Src/MRF24J40.c:542:6:Mrf24j_rx_enable	8	static
../Core/Src/MRF24J40.c:552:6:Mrf24j_interrupt_handler	40	static
../Core/Src/MRF24J40.c:599:5:Mrf24j_rx_datalength	4	static
