../Core/Src/stm32f4xx_it.c:127:6:NMI_Handler	4	static
../Core/Src/stm32f4xx_it.c:142:6:HardFault_Handler	4	static
../Core/Src/stm32f4xx_it.c:157:6:MemManage_Handler	4	static
../Core/Src/stm32f4xx_it.c:172:6:BusFault_Handler	4	static
../Core/Src/stm32f4xx_it.c:187:6:UsageFault_Handler	4	static
../Core/Src/stm32f4xx_it.c:202:6:SVC_Handler	4	static
../Core/Src/stm32f4xx_it.c:215:6:DebugMon_Handler	4	static
../Core/Src/stm32f4xx_it.c:228:6:PendSV_Handler	4	static
../Core/Src/stm32f4xx_it.c:241:6:SysTick_Handler	8	static
../Core/Src/stm32f4xx_it.c:262:6:DMA1_Stream0_IRQHandler	8	static
../Core/Src/stm32f4xx_it.c:276:6:CAN1_RX0_IRQHandler	8	static
../Core/Src/stm32f4xx_it.c:290:6:USART2_IRQHandler	16	static
../Core/Src/stm32f4xx_it.c:336:6:EXTI1_IRQHandler	8	static
../Core/Src/stm32f4xx_it.c:350:6:EXTI9_5_IRQHandler	8	static
../Core/Src/stm32f4xx_it.c:364:6:EXTI15_10_IRQHandler	8	static
../Core/Src/stm32f4xx_it.c:394:6:UART5_IRQHandler	8	static
../Core/Src/stm32f4xx_it.c:431:6:TIM6_DAC_IRQHandler	8	static
