../Core/Src/main.c:72:13:TX_SendPcCommand	64	static
../Core/Src/main.c:121:16:TX_WaitMrfTxOk	24	static
../Core/Src/main.c:152:16:TX_CommandIsValid	56	static
../Core/Src/main.c:207:13:TX_ProcessPcCommand	16	static
../Core/Src/main.c:237:5:main	160	static
../Core/Src/main.c:340:6:SystemClock_Config	88	static
../Core/Src/main.c:388:13:MX_SPI1_Init	8	static
../Core/Src/main.c:426:13:MX_USART2_UART_Init	8	static
../Core/Src/main.c:459:13:MX_GPIO_Init	48	static
../Core/Src/main.c:522:6:Error_Handler	4	static,ignoring_inline_asm
