../Core/Src/MRF24J40.c:50:13:Mrf24j_print_rx_fifo	152	static
../Core/Src/MRF24J40.c:74:6:Mrf24j_poll_uart	16	static
../Core/Src/MRF24J40.c:84:6:Mrf24j_rx_check_uart	120	static
../Core/Src/MRF24J40.c:103:6:HAL_GPIO_EXTI_Callback	160	static
../Core/Src/MRF24J40.c:139:6:MRF_InitSPI	24	static
../Core/Src/MRF24J40.c:145:6:MRF_InitGPIO	24	static
../Core/Src/MRF24J40.c:155:13:Mrf24j_spi_flush	16	static
../Core/Src/MRF24J40.c:162:6:Mrf24j_init	24	static
../Core/Src/MRF24J40.c:236:6:Mrf24j_write_short	24	static
../Core/Src/MRF24J40.c:265:6:Mrf24j_write_long	24	static
../Core/Src/MRF24J40.c:280:9:Mrf24j_read_short	32	static
../Core/Src/MRF24J40.c:300:9:Mrf24j_read_long	32	static
../Core/Src/MRF24J40.c:322:6:Mrf24j_set_interrupts	16	static
../Core/Src/MRF24J40.c:331:6:Mrf24j_set_channel	16	static
../Core/Src/MRF24J40.c:338:6:Mrf24j_reset	8	static
../Core/Src/MRF24J40.c:346:6:Mrf24j_send16	32	static
../Core/Src/MRF24J40.c:425:10:Mrf24j_get_pan	24	static
../Core/Src/MRF24J40.c:430:6:Mrf24j_set_pan	16	static
../Core/Src/MRF24J40.c:435:6:Mrf24j_address16_write	16	static
../Core/Src/MRF24J40.c:440:10:Mrf24j_address16_read	24	static
../Core/Src/MRF24J40.c:445:6:Mrf24j_rx_flush	16	static
../Core/Src/MRF24J40.c:454:6:Mrf24j_rx_disable	8	static
../Core/Src/MRF24J40.c:458:6:Mrf24j_rx_enable	8	static
../Core/Src/MRF24J40.c:468:6:Mrf24j_interrupt_handler	48	static
../Core/Src/MRF24J40.c:535:5:Mrf24j_rx_datalength	4	static
