../Core/Src/CyberGear.c:74:6:getMotorDeviceID	56	static
../Core/Src/CyberGear.c:105:6:clearMotorFault	56	static
../Core/Src/CyberGear.c:138:6:writeParameter	56	static
../Core/Src/CyberGear.c:171:6:readParameter	56	static
../Core/Src/CyberGear.c:218:6:MotorControlMode	16	static
../Core/Src/CyberGear.c:231:6:PositionSpeedLimit	16	static
../Core/Src/CyberGear.c:238:6:SetAngle	16	static
../Core/Src/CyberGear.c:249:6:ReadAngle	16	static
../Core/Src/CyberGear.c:255:6:ReadRotation	16	static
../Core/Src/CyberGear.c:268:6:VelocityCurrentLimit	16	static
../Core/Src/CyberGear.c:274:6:SetVelocity	16	static
../Core/Src/CyberGear.c:280:6:ReadVelocity	16	static
../Core/Src/CyberGear.c:293:6:TorqueLimit	16	static
../Core/Src/CyberGear.c:300:6:SetIq	16	static
../Core/Src/CyberGear.c:306:6:ReadIq	16	static
../Core/Src/CyberGear.c:312:6:ReadVBUS	16	static
../Core/Src/CyberGear.c:320:6:motorEnable	56	static
../Core/Src/CyberGear.c:342:6:motorStop	56	static
../Core/Src/CyberGear.c:366:6:setMechanicalZero	56	static
../Core/Src/CyberGear.c:392:6:setNewID	56	static
../Core/Src/CyberGear.c:421:6:ReadAllMotorData	16	static
../Core/Src/CyberGear.c:438:6:Motor_MITrun	72	static
../Core/Src/CyberGear.c:486:6:HAL_CAN_RxFifo0MsgPendingCallback	64	static
../Core/Src/CyberGear.c:616:7:uint_to_float	32	static
../Core/Src/CyberGear.c:624:17:float_to_uint	32	static
../Core/Src/CyberGear.c:645:6:serialWrite	16	static
../Core/Src/CyberGear.c:650:6:serialProcessRxData	4	static
