../Core/Src/CyberGear.c:74:6:getMotorDeviceID	56	static
../Core/Src/CyberGear.c:105:6:clearMotorFault	56	static
../Core/Src/CyberGear.c:138:6:writeParameter	56	static
../Core/Src/CyberGear.c:171:6:readParameter	56	static
../Core/Src/CyberGear.c:218:6:MotorControlMode	16	static
../Core/Src/CyberGear.c:231:6:PositionSpeedLimit	16	static
../Core/Src/CyberGear.c:238:6:SetAngle	16	static
../Core/Src/CyberGear.c:244:6:ReadAngle	16	static
../Core/Src/CyberGear.c:250:6:ReadRotation	16	static
../Core/Src/CyberGear.c:263:6:VelocityCurrentLimit	16	static
../Core/Src/CyberGear.c:269:6:SetVelocity	16	static
../Core/Src/CyberGear.c:275:6:ReadVelocity	16	static
../Core/Src/CyberGear.c:288:6:TorqueLimit	16	static
../Core/Src/CyberGear.c:295:6:SetIq	16	static
../Core/Src/CyberGear.c:301:6:ReadIq	16	static
../Core/Src/CyberGear.c:307:6:ReadVBUS	16	static
../Core/Src/CyberGear.c:315:6:motorEnable	56	static
../Core/Src/CyberGear.c:337:6:motorStop	56	static
../Core/Src/CyberGear.c:361:6:setMechanicalZero	56	static
../Core/Src/CyberGear.c:387:6:setNewID	56	static
../Core/Src/CyberGear.c:416:6:ReadAllMotorData	16	static
../Core/Src/CyberGear.c:433:6:Motor_MITrun	72	static
../Core/Src/CyberGear.c:481:6:HAL_CAN_RxFifo0MsgPendingCallback	64	static
../Core/Src/CyberGear.c:611:7:uint_to_float	32	static
../Core/Src/CyberGear.c:619:17:float_to_uint	32	static
../Core/Src/CyberGear.c:640:6:serialWrite	16	static
../Core/Src/CyberGear.c:645:6:serialProcessRxData	4	static
