../Core/Src/main.c:196:5:__io_putchar	16	static
../Core/Src/main.c:202:6:Debug_EXTI_Config	16	static
../Core/Src/main.c:258:5:main	48	static
../Core/Src/main.c:504:6:SystemClock_Config	88	static
../Core/Src/main.c:552:13:MX_CAN1_Init	48	static
../Core/Src/main.c:600:13:MX_I2C3_Init	8	static
../Core/Src/main.c:634:13:MX_TIM6_Init	16	static
../Core/Src/main.c:672:13:MX_UART5_Init	8	static
../Core/Src/main.c:705:13:MX_USART2_UART_Init	8	static
../Core/Src/main.c:736:13:MX_DMA_Init	16	static
../Core/Src/main.c:754:13:MX_GPIO_Init	48	static
../Core/Src/main.c:848:6:Error_Handler	4	static,ignoring_inline_asm
