../Core/Src/main.c:199:5:__io_putchar	1
../Core/Src/main.c:269:26:UART5_StartReceiveDmaIfReady	2
../Core/Src/main.c:279:13:RobotData_Update	1
../Core/Src/main.c:294:13:StateData_Update	1
../Core/Src/main.c:302:13:DDSM_Service	6
../Core/Src/main.c:329:13:DDSM_HandleFeedback	4
../Core/Src/main.c:346:13:CyberGear_Service	7
../Core/Src/main.c:383:5:main	5
../Core/Src/main.c:694:6:HAL_UART_RxCpltCallback	8
../Core/Src/main.c:746:6:HAL_GPIO_EXTI_Callback	3
../Core/Src/main.c:769:6:SystemClock_Config	3
../Core/Src/main.c:817:13:MX_CAN1_Init	2
../Core/Src/main.c:865:13:MX_I2C3_Init	2
../Core/Src/main.c:899:13:MX_TIM6_Init	3
../Core/Src/main.c:937:13:MX_UART5_Init	2
../Core/Src/main.c:970:13:MX_USART2_UART_Init	2
../Core/Src/main.c:1001:13:MX_DMA_Init	1
../Core/Src/main.c:1019:13:MX_GPIO_Init	1
../Core/Src/main.c:1113:6:Error_Handler	1
