../Core/Src/main.c:190:5:main	176	static
../Core/Src/main.c:462:6:SystemClock_Config	88	static
../Core/Src/main.c:510:13:MX_CAN1_Init	8	static
../Core/Src/main.c:547:13:MX_I2C3_Init	8	static
../Core/Src/main.c:581:13:MX_SPI1_Init	8	static
../Core/Src/main.c:619:13:MX_SPI2_Init	8	static
../Core/Src/main.c:657:13:MX_UART5_Init	8	static
../Core/Src/main.c:690:13:MX_USART2_UART_Init	8	static
../Core/Src/main.c:721:13:MX_DMA_Init	16	static
../Core/Src/main.c:739:13:MX_GPIO_Init	48	static
../Core/Src/main.c:819:26:CAN_AddTxMessageWait	24	static
../Core/Src/main.c:834:15:motor_index_from_id	24	static
../Core/Src/main.c:847:13:request_motor_status	56	static
../Core/Src/main.c:864:26:set_mechanical_zero	56	static
../Core/Src/main.c:883:6:HAL_CAN_RxFifo0MsgPendingCallback	32	static
../Core/Src/main.c:907:6:HAL_GPIO_EXTI_Callback	24	static
../Core/Src/main.c:919:6:serialWrite	16	static
../Core/Src/main.c:924:6:serialProcessRxData	8	static
../Core/Src/main.c:944:6:HAL_UART_RxCpltCallback	16	static
../Core/Src/main.c:963:6:stop_motor	32	static
../Core/Src/main.c:981:6:enable_motor	32	static
../Core/Src/main.c:999:6:set_limit_speed	48	static
../Core/Src/main.c:1025:6:set_limit_current	48	static
../Core/Src/main.c:1051:6:set_limit_torque	48	static
../Core/Src/main.c:1077:6:send_can_float_package	48	static
../Core/Src/main.c:1102:6:set_run_mode	32	static
../Core/Src/main.c:1122:6:init_motor	16	static
../Core/Src/main.c:1128:6:set_position_ref	16	static
../Core/Src/main.c:1133:19:writeParameter	56	static
../Core/Src/main.c:1161:19:getMotorDeviceID	56	static
../Core/Src/main.c:1190:6:Error_Handler	4	static,ignoring_inline_asm
