../Core/Src/main.c:180:5:main	48	static
../Core/Src/main.c:407:6:SystemClock_Config	88	static
../Core/Src/main.c:455:13:MX_CAN1_Init	8	static
../Core/Src/main.c:492:13:MX_I2C3_Init	8	static
../Core/Src/main.c:526:13:MX_SPI1_Init	8	static
../Core/Src/main.c:564:13:MX_SPI2_Init	8	static
../Core/Src/main.c:602:13:MX_UART5_Init	8	static
../Core/Src/main.c:635:13:MX_USART2_UART_Init	8	static
../Core/Src/main.c:666:13:MX_DMA_Init	16	static
../Core/Src/main.c:684:13:MX_GPIO_Init	48	static
../Core/Src/main.c:762:6:HAL_CAN_RxFifo0MsgPendingCallback	16	static
../Core/Src/main.c:766:6:serialWrite	16	static
../Core/Src/main.c:771:6:serialProcessRxData	8	static
../Core/Src/main.c:791:6:HAL_UART_RxCpltCallback	16	static
../Core/Src/main.c:810:6:stop_motor	32	static
../Core/Src/main.c:828:6:enable_motor	32	static
../Core/Src/main.c:846:6:set_limit_speed	48	static
../Core/Src/main.c:872:6:set_limit_current	48	static
../Core/Src/main.c:898:6:set_limit_torque	48	static
../Core/Src/main.c:924:6:send_can_float_package	48	static
../Core/Src/main.c:949:6:set_run_mode	32	static
../Core/Src/main.c:969:6:init_motor	16	static
../Core/Src/main.c:975:6:set_position_ref	16	static
../Core/Src/main.c:980:19:writeParameter	56	static
../Core/Src/main.c:1009:19:getMotorDeviceID	56	static
../Core/Src/main.c:1039:6:Error_Handler	4	static,ignoring_inline_asm
