../Core/Src/MRF24J40.c:41:6:Mrf24j_init	16	static
../Core/Src/MRF24J40.c:106:6:Mrf24j_write_short	24	static
../Core/Src/MRF24J40.c:135:6:Mrf24j_write_long	24	static
../Core/Src/MRF24J40.c:151:9:Mrf24j_read_short	32	static
../Core/Src/MRF24J40.c:169:9:Mrf24j_read_long	32	static
../Core/Src/MRF24J40.c:188:6:Mrf24j_set_interrupts	16	static
../Core/Src/MRF24J40.c:196:6:Mrf24j_set_channel	16	static
../Core/Src/MRF24J40.c:203:6:Mrf24j_reset	8	static
../Core/Src/MRF24J40.c:211:6:Mrf24j_send16	32	static
../Core/Src/MRF24J40.c:293:10:Mrf24j_get_pan	24	static
../Core/Src/MRF24J40.c:298:6:Mrf24j_set_pan	16	static
../Core/Src/MRF24J40.c:303:6:Mrf24j_address16_write	16	static
../Core/Src/MRF24J40.c:308:10:Mrf24j_address16_read	24	static
../Core/Src/MRF24J40.c:313:6:Mrf24j_rx_flush	16	static
../Core/Src/MRF24J40.c:322:6:Mrf24j_rx_disable	8	static
../Core/Src/MRF24J40.c:326:6:Mrf24j_rx_enable	8	static
../Core/Src/MRF24J40.c:336:6:Mrf24j_interrupt_handler	40	static
../Core/Src/MRF24J40.c:403:5:Mrf24j_rx_datalength	4	static
